<html>
<body>
<pre>
<h1>µVision Build Log</h1>
<h2>Tool Versions:</h2>
IDE-Version: ¦ÌVision V5.27.1.0
Copyright (C) 2019 ARM Ltd and ARM Germany GmbH. All rights reserved.
License Information: zhang dong, Z-tech, LIC=EXJUH-WWE43-FW42N-YWFJK-JNC04-DVASX
 
Tool Versions:
Toolchain:       MDK-ARM Plus  Version: 5.27.1.0
Toolchain Path:  C:\Keil_v5_ARM\ARM\ARMCC\Bin
C Compiler:      Armcc.exe V5.06 update 6 (build 750)
Assembler:       Armasm.exe V5.06 update 6 (build 750)
Linker/Locator:  ArmLink.exe V5.06 update 6 (build 750)
Library Manager: ArmAr.exe V5.06 update 6 (build 750)
Hex Converter:   FromElf.exe V5.06 update 6 (build 750)
CPU DLL:         SARMCM3.DLL V5.27.1.0
Dialog DLL:      DARMSTM.DLL V1.68.0.0
Target DLL:      STLink\ST-LINKIII-KEIL_SWO.dll V3.0.6.0
Dialog DLL:      TARMSTM.DLL V1.66.0.0
 
<h2>Project:</h2>
E:\WorkSpace\Microcontroller\STM32F103ZET6\Amadeus\USER\Amadeus.uvprojx
Project File Date:  10/02/2019

<h2>Output:</h2>
*** Using Compiler 'V5.06 update 6 (build 750)', folder: 'C:\Keil_v5_ARM\ARM\ARMCC\Bin'
Build target 'K.Makise'
compiling mouse.c...
..\Amadeus\functionlib\mouse.c(276): warning:  #223-D: function "delay_ms" declared implicitly
  	delay_ms(500);
..\Amadeus\functionlib\mouse.c(311): warning:  #177-D: variable "exit"  was declared but never referenced
  	uint8_t exit = 0;
..\Amadeus\functionlib\mouse.c: 2 warnings, 0 errors
linking...
Program Size: Code=12248 RO-data=68480 RW-data=348 ZI-data=60076  
FromELF: creating hex file...
"..\OBJ\Amadeus.axf" - 0 Error(s), 2 Warning(s).

<h2>Software Packages used:</h2>

Package Vendor: Keil
                http://www.keil.com/pack/Keil.STM32F1xx_DFP.2.2.0.pack
                Keil.STM32F1xx_DFP.2.2.0
                STMicroelectronics STM32F1 Series Device Support, Drivers and Examples

<h2>Collection of Component include folders:</h2>
  .\RTE\_K.Makise
  C:\Keil_v5_ARM\ARM\PACK\Keil\STM32F1xx_DFP\2.2.0\Device\Include

<h2>Collection of Component Files used:</h2>
Build Time Elapsed:  00:00:02
</pre>
</body>
</html>
