Component: ARM Compiler 5.06 update 6 (build 750) Tool: armlink [4d35ed]

==============================================================================

Section Cross References

    main.o(i.Amadeus_loop) refers to terminal.o(i.interactive_editbox) for interactive_editbox
    main.o(i.Amadeus_setup) refers to misc.o(i.NVIC_PriorityGroupConfig) for NVIC_PriorityGroupConfig
    main.o(i.Amadeus_setup) refers to delay.o(i.delay_init) for delay_init
    main.o(i.Amadeus_setup) refers to beep.o(i.beep_init) for beep_init
    main.o(i.Amadeus_setup) refers to usart.o(i.USART1_Initialise) for USART1_Initialise
    main.o(i.Amadeus_setup) refers to usart.o(i.USART2_Initialise) for USART2_Initialise
    main.o(i.Amadeus_setup) refers to usart.o(i.USART3_Initialise) for USART3_Initialise
    main.o(i.Amadeus_setup) refers to usart.o(i.USART4_Initialise) for USART4_Initialise
    main.o(i.Amadeus_setup) refers to vga.o(i.vga_device_init) for vga_device_init
    main.o(i.Amadeus_setup) refers to terminal.o(i.termainal_load) for termainal_load
    main.o(i.Amadeus_setup) refers to terminal.o(i.termainal_init) for termainal_init
    main.o(i.main) refers to main.o(i.Amadeus_setup) for Amadeus_setup
    main.o(i.main) refers to main.o(i.Amadeus_loop) for Amadeus_loop
    system_stm32f10x.o(i.SetSysClock) refers to system_stm32f10x.o(i.SetSysClockTo72) for SetSysClockTo72
    system_stm32f10x.o(i.SystemCoreClockUpdate) refers to system_stm32f10x.o(.data) for SystemCoreClock
    system_stm32f10x.o(i.SystemInit) refers to system_stm32f10x.o(i.SetSysClock) for SetSysClock
    graphical.o(i.N_distributio) refers to fmul.o(x$fpl$fmul) for __aeabi_fmul
    graphical.o(i.N_distributio) refers to f2d.o(x$fpl$f2d) for __aeabi_f2d
    graphical.o(i.N_distributio) refers to dmul.o(x$fpl$dmul) for __aeabi_dmul
    graphical.o(i.N_distributio) refers to sqrt.o(i.sqrt) for sqrt
    graphical.o(i.N_distributio) refers to dflt_clz.o(x$fpl$dflt) for __aeabi_i2d
    graphical.o(i.N_distributio) refers to ddiv.o(x$fpl$ddiv) for __aeabi_ddiv
    graphical.o(i.N_distributio) refers to daddsub_clz.o(x$fpl$dsub) for __aeabi_dsub
    graphical.o(i.N_distributio) refers to exp.o(i.exp) for exp
    graphical.o(i.N_distributio) refers to daddsub_clz.o(x$fpl$drsb) for __aeabi_drsub
    graphical.o(i.N_distributio) refers to dfix.o(x$fpl$dfix) for __aeabi_d2iz
    graphical.o(i.N_distributio) refers to graphical.o(i.ga_draw_point) for ga_draw_point
    graphical.o(i.N_distributio) refers to graphical.o(i.ga_draw_line) for ga_draw_line
    graphical.o(i.N_distributio) refers to delay.o(i.delay_ms) for delay_ms
    graphical.o(i.ga_bitblt) refers to graphical.o(.bss) for fb
    graphical.o(i.ga_draw_bmp_rotate) refers to dflt_clz.o(x$fpl$dfltu) for __aeabi_ui2d
    graphical.o(i.ga_draw_bmp_rotate) refers to ddiv.o(x$fpl$ddiv) for __aeabi_ddiv
    graphical.o(i.ga_draw_bmp_rotate) refers to cos.o(i.cos) for cos
    graphical.o(i.ga_draw_bmp_rotate) refers to dmul.o(x$fpl$dmul) for __aeabi_dmul
    graphical.o(i.ga_draw_bmp_rotate) refers to dfix.o(x$fpl$dfix) for __aeabi_d2iz
    graphical.o(i.ga_draw_bmp_rotate) refers to sin.o(i.sin) for sin
    graphical.o(i.ga_draw_bmp_rotate) refers to graphical.o(i.ga_draw_point) for ga_draw_point
    graphical.o(i.ga_draw_circle) refers to graphical.o(i.ga_draw_point) for ga_draw_point
    graphical.o(i.ga_draw_line) refers to graphical.o(i.ga_draw_point) for ga_draw_point
    graphical.o(i.ga_draw_nwords) refers to graphical.o(i.ga_bitblt) for ga_bitblt
    graphical.o(i.ga_draw_nwords) refers to bitmap.o(.constdata) for ascii_word
    graphical.o(i.ga_draw_point) refers to graphical.o(.bss) for fb
    graphical.o(i.ga_draw_rand_triangle) refers to rand.o(.emb_text) for rand
    graphical.o(i.ga_draw_rand_triangle) refers to graphical.o(i.ga_draw_triangle) for ga_draw_triangle
    graphical.o(i.ga_draw_rand_triangle) refers to delay.o(i.delay_ms) for delay_ms
    graphical.o(i.ga_draw_rand_triangle) refers to graphical.o(.data) for flag
    graphical.o(i.ga_draw_rand_triangle) refers to graphical.o(.bss) for x
    graphical.o(i.ga_draw_rec) refers to graphical.o(i.ga_draw_line) for ga_draw_line
    graphical.o(i.ga_draw_ribbon) refers to rand.o(.emb_text) for rand
    graphical.o(i.ga_draw_ribbon) refers to graphical.o(i.ga_draw_triangle) for ga_draw_triangle
    graphical.o(i.ga_draw_ring) refers to dflt_clz.o(x$fpl$dflt) for __aeabi_i2d
    graphical.o(i.ga_draw_ring) refers to ddiv.o(x$fpl$ddiv) for __aeabi_ddiv
    graphical.o(i.ga_draw_ring) refers to d2f.o(x$fpl$d2f) for __aeabi_d2f
    graphical.o(i.ga_draw_ring) refers to f2d.o(x$fpl$f2d) for __aeabi_f2d
    graphical.o(i.ga_draw_ring) refers to cos.o(i.cos) for cos
    graphical.o(i.ga_draw_ring) refers to dflt_clz.o(x$fpl$dfltu) for __aeabi_ui2d
    graphical.o(i.ga_draw_ring) refers to dmul.o(x$fpl$dmul) for __aeabi_dmul
    graphical.o(i.ga_draw_ring) refers to daddsub_clz.o(x$fpl$dadd) for __aeabi_dadd
[...]
    ../clib/signal.c                         0x00000000   Number         0  defsig_general.o ABSOLUTE
    ../clib/signal.c                         0x00000000   Number         0  __raise.o ABSOLUTE
    ../clib/signal.c                         0x00000000   Number         0  defsig_exit.o ABSOLUTE
    ../clib/signal.s                         0x00000000   Number         0  defsig.o ABSOLUTE
    ../clib/stdlib.c                         0x00000000   Number         0  exit.o ABSOLUTE
    ../clib/stdlib.c                         0x00000000   Number         0  rand.o ABSOLUTE
    ../clib/stdlib.c                         0x00000000   Number         0  rand.o ABSOLUTE
    ../fplib/d2f.s                           0x00000000   Number         0  d2f.o ABSOLUTE
    ../fplib/daddsub.s                       0x00000000   Number         0  daddsub_clz.o ABSOLUTE
    ../fplib/dcheck1.s                       0x00000000   Number         0  dcheck1.o ABSOLUTE
    ../fplib/dcmpi.s                         0x00000000   Number         0  dcmpi.o ABSOLUTE
    ../fplib/ddiv.s                          0x00000000   Number         0  ddiv.o ABSOLUTE
    ../fplib/dfix.s                          0x00000000   Number         0  dfix.o ABSOLUTE
    ../fplib/dfixu.s                         0x00000000   Number         0  dfixu.o ABSOLUTE
    ../fplib/dflt.s                          0x00000000   Number         0  dflt_clz.o ABSOLUTE
    ../fplib/dleqf.s                         0x00000000   Number         0  dleqf.o ABSOLUTE
    ../fplib/dmul.s                          0x00000000   Number         0  dmul.o ABSOLUTE
    ../fplib/dnaninf.s                       0x00000000   Number         0  dnaninf.o ABSOLUTE
    ../fplib/dretinf.s                       0x00000000   Number         0  dretinf.o ABSOLUTE
    ../fplib/drleqf.s                        0x00000000   Number         0  drleqf.o ABSOLUTE
    ../fplib/dsqrt.s                         0x00000000   Number         0  dsqrt_noumaal.o ABSOLUTE
    ../fplib/f2d.s                           0x00000000   Number         0  f2d.o ABSOLUTE
    ../fplib/fmul.s                          0x00000000   Number         0  fmul.o ABSOLUTE
    ../fplib/fnaninf.s                       0x00000000   Number         0  fnaninf.o ABSOLUTE
    ../fplib/fpinit.s                        0x00000000   Number         0  fpinit.o ABSOLUTE
    ../fplib/fretinf.s                       0x00000000   Number         0  fretinf.o ABSOLUTE
    ../fplib/retnan.s                        0x00000000   Number         0  retnan.o ABSOLUTE
    ../fplib/scalbn.s                        0x00000000   Number         0  scalbn.o ABSOLUTE
    ../fplib/trapv.s                         0x00000000   Number         0  trapv.o ABSOLUTE
    ../fplib/usenofp.s                       0x00000000   Number         0  usenofp.o ABSOLUTE
    ../mathlib/cos.c                         0x00000000   Number         0  cos_x.o ABSOLUTE
    ../mathlib/cos.c                         0x00000000   Number         0  cos.o ABSOLUTE
    ../mathlib/cos_i.c                       0x00000000   Number         0  cos_i.o ABSOLUTE
    ../mathlib/dunder.c                      0x00000000   Number         0  dunder.o ABSOLUTE
    ../mathlib/exp.c                         0x00000000   Number         0  exp.o ABSOLUTE
    ../mathlib/exp.c                         0x00000000   Number         0  exp_x.o ABSOLUTE
    ../mathlib/fpclassify.c                  0x00000000   Number         0  fpclassify.o ABSOLUTE
    ../mathlib/poly.c                        0x00000000   Number         0  poly.o ABSOLUTE
    ../mathlib/qnan.c                        0x00000000   Number         0  qnan.o ABSOLUTE
    ../mathlib/rred.c                        0x00000000   Number         0  rred.o ABSOLUTE
    ../mathlib/sin.c                         0x00000000   Number         0  sin.o ABSOLUTE
    ../mathlib/sin.c                         0x00000000   Number         0  sin_x.o ABSOLUTE
    ../mathlib/sin_i.c                       0x00000000   Number         0  sin_i.o ABSOLUTE
    ../mathlib/sin_i.c                       0x00000000   Number         0  sin_i_x.o ABSOLUTE
    ../mathlib/sqrt.c                        0x00000000   Number         0  sqrt.o ABSOLUTE
    ../mathlib/sqrt.c                        0x00000000   Number         0  sqrt_x.o ABSOLUTE
    ..\Amadeus\cmnct\cmnct.c                 0x00000000   Number         0  cmnct.o ABSOLUTE
    ..\Amadeus\components\components.c       0x00000000   Number         0  components.o ABSOLUTE
    ..\Amadeus\functionlib\libMaster.c       0x00000000   Number         0  libmaster.o ABSOLUTE
    ..\Amadeus\functionlib\mouse.c           0x00000000   Number         0  mouse.o ABSOLUTE
    ..\Amadeus\functionlib\systool.c         0x00000000   Number         0  systool.o ABSOLUTE
    ..\Amadeus\graphical\graphical.c         0x00000000   Number         0  graphical.o ABSOLUTE
    ..\Amadeus\keyboard\keyboard.c           0x00000000   Number         0  keyboard.o ABSOLUTE
    ..\Amadeus\login\login.c                 0x00000000   Number         0  login.o ABSOLUTE
    ..\Amadeus\terminal\TerminalMain.c       0x00000000   Number         0  terminalmain.o ABSOLUTE
    ..\Amadeus\terminal\terminal.c           0x00000000   Number         0  terminal.o ABSOLUTE
    ..\Amadeus\terminal\tmnio.c              0x00000000   Number         0  tmnio.o ABSOLUTE
    ..\CORE\core_cm3.c                       0x00000000   Number         0  core_cm3.o ABSOLUTE
    ..\CORE\startup_stm32f10x_hd.s           0x00000000   Number         0  startup_stm32f10x_hd.o ABSOLUTE
    ..\HARDWARE\BEEP\beep.c                  0x00000000   Number         0  beep.o ABSOLUTE
    ..\HARDWARE\ESP8266\esp8266.c            0x00000000   Number         0  esp8266.o ABSOLUTE
    ..\HARDWARE\LED\led.c                    0x00000000   Number         0  led.o ABSOLUTE
    ..\HARDWARE\VGA\vga.c                    0x00000000   Number         0  vga.o ABSOLUTE
    ..\STM32F10x_FWLib\src\misc.c            0x00000000   Number         0  misc.o ABSOLUTE
    ..\STM32F10x_FWLib\src\stm32f10x_dbgmcu.c 0x00000000   Number         0  stm32f10x_dbgmcu.o ABSOLUTE
    ..\STM32F10x_FWLib\src\stm32f10x_dma.c   0x00000000   Number         0  stm32f10x_dma.o ABSOLUTE
    ..\STM32F10x_FWLib\src\stm32f10x_flash.c 0x00000000   Number         0  stm32f10x_flash.o ABSOLUTE
    ..\STM32F10x_FWLib\src\stm32f10x_gpio.c  0x00000000   Number         0  stm32f10x_gpio.o ABSOLUTE
    ..\STM32F10x_FWLib\src\stm32f10x_rcc.c   0x00000000   Number         0  stm32f10x_rcc.o ABSOLUTE
    ..\STM32F10x_FWLib\src\stm32f10x_spi.c   0x00000000   Number         0  stm32f10x_spi.o ABSOLUTE
    ..\STM32F10x_FWLib\src\stm32f10x_tim.c   0x00000000   Number         0  stm32f10x_tim.o ABSOLUTE
    ..\STM32F10x_FWLib\src\stm32f10x_usart.c 0x00000000   Number         0  stm32f10x_usart.o ABSOLUTE
    ..\SYSTEM\bitmap\bitmap.c                0x00000000   Number         0  bitmap.o ABSOLUTE
    ..\SYSTEM\bitmap\str_dealing.c           0x00000000   Number         0  str_dealing.o ABSOLUTE
    ..\SYSTEM\delay\delay.c                  0x00000000   Number         0  delay.o ABSOLUTE
    ..\SYSTEM\sys\sys.c                      0x00000000   Number         0  sys.o ABSOLUTE
    ..\SYSTEM\usart\usart.c                  0x00000000   Number         0  usart.o ABSOLUTE
    ..\\CORE\\core_cm3.c                     0x00000000   Number         0  core_cm3.o ABSOLUTE
    ..\\SYSTEM\\sys\\sys.c                   0x00000000   Number         0  sys.o ABSOLUTE
    dc.s                                     0x00000000   Number         0  dc.o ABSOLUTE
    main.c                                   0x00000000   Number         0  main.o ABSOLUTE
    stm32f10x_it.c                           0x00000000   Number         0  stm32f10x_it.o ABSOLUTE
    system_stm32f10x.c                       0x00000000   Number         0  system_stm32f10x.o ABSOLUTE
    RESET                                    0x08000000   Section      304  startup_stm32f10x_hd.o(RESET)
    !!!main                                  0x08000130   Section        8  __main.o(!!!main)
    !!!scatter                               0x08000138   Section       52  __scatter.o(!!!scatter)
    !!dczerorl2                              0x0800016c   Section       90  __dczerorl2.o(!!dczerorl2)
    !!handler_zi                             0x080001c8   Section       28  __scatter_zi.o(!!handler_zi)
    .ARM.Collect$$_printf_percent$$00000000  0x080001e4   Section        0  _printf_percent.o(.ARM.Collect$$_printf_percent$$00000000)
    .ARM.Collect$$_printf_percent$$00000009  0x080001e4   Section        6  _printf_d.o(.ARM.Collect$$_printf_percent$$00000009)
    .ARM.Collect$$_printf_percent$$0000000C  0x080001ea   Section        6  _printf_x.o(.ARM.Collect$$_printf_percent$$0000000C)
    .ARM.Collect$$_printf_percent$$00000014  0x080001f0   Section        6  _printf_s.o(.ARM.Collect$$_printf_percent$$00000014)
    .ARM.Collect$$_printf_percent$$00000017  0x080001f6   Section        4  _printf_percent_end.o(.ARM.Collect$$_printf_percent$$00000017)
    .ARM.Collect$$libinit$$00000000          0x080001fa   Section        2  libinit.o(.ARM.Collect$$libinit$$00000000)
    .ARM.Collect$$libinit$$00000002          0x080001fc   Section        0  libinit2.o(.ARM.Collect$$libinit$$00000002)
    .ARM.Collect$$libinit$$00000004          0x080001fc   Section        0  libinit2.o(.ARM.Collect$$libinit$$00000004)
    .ARM.Collect$$libinit$$0000000A          0x080001fc   Section        0  libinit2.o(.ARM.Collect$$libinit$$0000000A)
    .ARM.Collect$$libinit$$0000000C          0x080001fc   Section        0  libinit2.o(.ARM.Collect$$libinit$$0000000C)
    .ARM.Collect$$libinit$$0000000E          0x080001fc   Section        0  libinit2.o(.ARM.Collect$$libinit$$0000000E)
    .ARM.Collect$$libinit$$00000011          0x080001fc   Section        0  libinit2.o(.ARM.Collect$$libinit$$00000011)
    .ARM.Collect$$libinit$$00000013          0x080001fc   Section        0  libinit2.o(.ARM.Collect$$libinit$$00000013)
    .ARM.Collect$$libinit$$00000015          0x080001fc   Section        0  libinit2.o(.ARM.Collect$$libinit$$00000015)
    .ARM.Collect$$libinit$$00000017          0x080001fc   Section        0  libinit2.o(.ARM.Collect$$libinit$$00000017)
    .ARM.Collect$$libinit$$00000019          0x080001fc   Section        0  libinit2.o(.ARM.Collect$$libinit$$00000019)
    .ARM.Collect$$libinit$$0000001B          0x080001fc   Section        0  libinit2.o(.ARM.Collect$$libinit$$0000001B)
    .ARM.Collect$$libinit$$0000001D          0x080001fc   Section        0  libinit2.o(.ARM.Collect$$libinit$$0000001D)
    .ARM.Collect$$libinit$$0000001F          0x080001fc   Section        0  libinit2.o(.ARM.Collect$$libinit$$0000001F)
    .ARM.Collect$$libinit$$00000021          0x080001fc   Section        0  libinit2.o(.ARM.Collect$$libinit$$00000021)
    .ARM.Collect$$libinit$$00000023          0x080001fc   Section        0  libinit2.o(.ARM.Collect$$libinit$$00000023)
    .ARM.Collect$$libinit$$00000025          0x080001fc   Section        0  libinit2.o(.ARM.Collect$$libinit$$00000025)
    .ARM.Collect$$libinit$$0000002C          0x080001fc   Section        0  libinit2.o(.ARM.Collect$$libinit$$0000002C)
    .ARM.Collect$$libinit$$0000002E          0x080001fc   Section        0  libinit2.o(.ARM.Collect$$libinit$$0000002E)
    .ARM.Collect$$libinit$$00000030          0x080001fc   Section        0  libinit2.o(.ARM.Collect$$libinit$$00000030)
    .ARM.Collect$$libinit$$00000032          0x080001fc   Section        0  libinit2.o(.ARM.Collect$$libinit$$00000032)
    .ARM.Collect$$libinit$$00000033          0x080001fc   Section        2  libinit2.o(.ARM.Collect$$libinit$$00000033)
    .ARM.Collect$$libshutdown$$00000000      0x080001fe   Section        2  libshutdown.o(.ARM.Collect$$libshutdown$$00000000)
    .ARM.Collect$$libshutdown$$00000002      0x08000200   Section        0  libshutdown2.o(.ARM.Collect$$libshutdown$$00000002)
    .ARM.Collect$$libshutdown$$00000004      0x08000200   Section        0  libshutdown2.o(.ARM.Collect$$libshutdown$$00000004)
    .ARM.Collect$$libshutdown$$00000007      0x08000200   Section        0  libshutdown2.o(.ARM.Collect$$libshutdown$$00000007)
    .ARM.Collect$$libshutdown$$0000000A      0x08000200   Section        0  libshutdown2.o(.ARM.Collect$$libshutdown$$0000000A)
    .ARM.Collect$$libshutdown$$0000000C      0x08000200   Section        0  libshutdown2.o(.ARM.Collect$$libshutdown$$0000000C)
    .ARM.Collect$$libshutdown$$0000000F      0x08000200   Section        0  libshutdown2.o(.ARM.Collect$$libshutdown$$0000000F)
    .ARM.Collect$$libshutdown$$00000010      0x08000200   Section        2  libshutdown2.o(.ARM.Collect$$libshutdown$$00000010)
    .ARM.Collect$$rtentry$$00000000          0x08000202   Section        0  __rtentry.o(.ARM.Collect$$rtentry$$00000000)
    .ARM.Collect$$rtentry$$00000002          0x08000202   Section        0  __rtentry2.o(.ARM.Collect$$rtentry$$00000002)
    .ARM.Collect$$rtentry$$00000004          0x08000202   Section        6  __rtentry4.o(.ARM.Collect$$rtentry$$00000004)
    .ARM.Collect$$rtentry$$00000009          0x08000208   Section        0  __rtentry2.o(.ARM.Collect$$rtentry$$00000009)
    .ARM.Collect$$rtentry$$0000000A          0x08000208   Section        4  __rtentry2.o(.ARM.Collect$$rtentry$$0000000A)
    .ARM.Collect$$rtentry$$0000000C          0x0800020c   Section        0  __rtentry2.o(.ARM.Collect$$rtentry$$0000000C)
    .ARM.Collect$$rtentry$$0000000D          0x0800020c   Section        8  __rtentry2.o(.ARM.Collect$$rtentry$$0000000D)
    .ARM.Collect$$rtexit$$00000000           0x08000214   Section        2  rtexit.o(.ARM.Collect$$rtexit$$00000000)
    .ARM.Collect$$rtexit$$00000002           0x08000216   Section        0  rtexit2.o(.ARM.Collect$$rtexit$$00000002)
    .ARM.Collect$$rtexit$$00000003           0x08000216   Section        4  rtexit2.o(.ARM.Collect$$rtexit$$00000003)
    .ARM.Collect$$rtexit$$00000004           0x0800021a   Section        6  rtexit2.o(.ARM.Collect$$rtexit$$00000004)
    .text                                    0x08000220   Section       64  startup_stm32f10x_hd.o(.text)
    .text                                    0x08000260   Section        2  use_no_semi_2.o(.text)
    .text                                    0x08000264   Section        0  noretval__2sprintf.o(.text)
    .text                                    0x0800028c   Section        0  _printf_pad.o(.text)
    .text                                    0x080002da   Section        0  _printf_str.o(.text)
    .text                                    0x0800032c   Section        0  _printf_dec.o(.text)
    .text                                    0x080003a4   Section        0  _printf_hex_int.o(.text)
    .text                                    0x080003fc   Section        0  __printf_wp.o(.text)
    .text                                    0x0800050a   Section        0  heapauxi.o(.text)
    .text                                    0x08000510   Section        2  use_no_semi.o(.text)
    .text                                    0x08000512   Section        0  _printf_intcommon.o(.text)
    .text                                    0x080005c4   Section        0  _printf_char_common.o(.text)
    _printf_input_char                       0x080005c5   Thumb Code    10  _printf_char_common.o(.text)
    .text                                    0x080005f4   Section        0  _sputc.o(.text)
    .text                                    0x080005fe   Section        0  _printf_char.o(.text)
    .text                                    0x0800062c   Section        8  libspace.o(.text)
    .text                                    0x08000634   Section       74  sys_stackheap_outer.o(.text)
    .text                                    0x0800067e   Section        0  exit.o(.text)
    i.Amadeus_loop                           0x08000690   Section        0  main.o(i.Amadeus_loop)
    i.Amadeus_setup                          0x08000698   Section        0  main.o(i.Amadeus_setup)
    i.BusFault_Handler                       0x080006d8   Section        0  stm32f10x_it.o(i.BusFault_Handler)
    i.ClearScreen                            0x080006dc   Section        0  systool.o(i.ClearScreen)
    i.DMA1_Channel3_IRQHandler               0x08000764   Section        0  vga.o(i.DMA1_Channel3_IRQHandler)
    i.DMA_DeInit                             0x080007c0   Section        0  stm32f10x_dma.o(i.DMA_DeInit)
    i.DMA_ITConfig                           0x0800090c   Section        0  stm32f10x_dma.o(i.DMA_ITConfig)
    i.DMA_Init                               0x0800091e   Section        0  stm32f10x_dma.o(i.DMA_Init)
    i.DebugMon_Handler                       0x0800095a   Section        0  stm32f10x_it.o(i.DebugMon_Handler)
    i.DisMessageNewLine                      0x0800095c   Section        0  tmnio.o(i.DisMessageNewLine)
    i.GPIO_Init                              0x080009a8   Section        0  stm32f10x_gpio.o(i.GPIO_Init)
    i.GPIO_ResetBits                         0x08000abe   Section        0  stm32f10x_gpio.o(i.GPIO_ResetBits)
    i.GPIO_SetBits                           0x08000ac2   Section        0  stm32f10x_gpio.o(i.GPIO_SetBits)
    i.HardFault_Handler                      0x08000ac6   Section        0  stm32f10x_it.o(i.HardFault_Handler)
    i.KeyBoardEnable                         0x08000acc   Section        0  tmnio.o(i.KeyBoardEnable)
    i.MemManage_Handler                      0x08000adc   Section        0  stm32f10x_it.o(i.MemManage_Handler)
    i.Mouse                                  0x08000ae0   Section        0  mouse.o(i.Mouse)
    i.MouseLoop                              0x08000b02   Section        0  mouse.o(i.MouseLoop)
    i.MouseSetup                             0x08000b14   Section        0  mouse.o(i.MouseSetup)
    i.NMI_Handler                            0x08000b48   Section        0  stm32f10x_it.o(i.NMI_Handler)
    i.NVIC_Init                              0x08000b4c   Section        0  misc.o(i.NVIC_Init)
    i.NVIC_PriorityGroupConfig               0x08000bbc   Section        0  misc.o(i.NVIC_PriorityGroupConfig)
    i.PendSV_Handler                         0x08000bd0   Section        0  stm32f10x_it.o(i.PendSV_Handler)
    i.RCC_AHBPeriphClockCmd                  0x08000bd4   Section        0  stm32f10x_rcc.o(i.RCC_AHBPeriphClockCmd)
    i.RCC_APB1PeriphClockCmd                 0x08000bf4   Section        0  stm32f10x_rcc.o(i.RCC_APB1PeriphClockCmd)
    i.RCC_APB2PeriphClockCmd                 0x08000c14   Section        0  stm32f10x_rcc.o(i.RCC_APB2PeriphClockCmd)
    i.RCC_GetClocksFreq                      0x08000c34   Section        0  stm32f10x_rcc.o(i.RCC_GetClocksFreq)
    i.SPI_CalculateCRC                       0x08000d08   Section        0  stm32f10x_spi.o(i.SPI_CalculateCRC)
    i.SPI_Cmd                                0x08000d20   Section        0  stm32f10x_spi.o(i.SPI_Cmd)
    i.SPI_Init                               0x08000d38   Section        0  stm32f10x_spi.o(i.SPI_Init)
    i.SVC_Handler                            0x08000d74   Section        0  stm32f10x_it.o(i.SVC_Handler)
    i.SetSysClock                            0x08000d76   Section        0  system_stm32f10x.o(i.SetSysClock)
    SetSysClock                              0x08000d77   Thumb Code     8  system_stm32f10x.o(i.SetSysClock)
    i.SetSysClockTo72                        0x08000d80   Section        0  system_stm32f10x.o(i.SetSysClockTo72)
    SetSysClockTo72                          0x08000d81   Thumb Code   214  system_stm32f10x.o(i.SetSysClockTo72)
    i.ShowMessage                            0x08000e60   Section        0  mouse.o(i.ShowMessage)
    i.ShowVersion                            0x08000f24   Section        0  mouse.o(i.ShowVersion)
    i.SysOutInfo                             0x08001218   Section        0  tmnio.o(i.SysOutInfo)
    i.SysReboot                              0x08001280   Section        0  systool.o(i.SysReboot)
    i.SysTick_CLKSourceConfig                0x080012c4   Section        0  misc.o(i.SysTick_CLKSourceConfig)
    i.SysTick_Handler                        0x080012ec   Section        0  stm32f10x_it.o(i.SysTick_Handler)
    i.SystemInit                             0x080012f0   Section        0  system_stm32f10x.o(i.SystemInit)
    i.TIM1_CC_IRQHandler                     0x08001350   Section        0  vga.o(i.TIM1_CC_IRQHandler)
    i.TIM2_IRQHandler                        0x08001374   Section        0  vga.o(i.TIM2_IRQHandler)
    i.TIM_Cmd                                0x08001388   Section        0  stm32f10x_tim.o(i.TIM_Cmd)
    i.TIM_CtrlPWMOutputs                     0x080013a0   Section        0  stm32f10x_tim.o(i.TIM_CtrlPWMOutputs)
    i.TIM_ITConfig                           0x080013be   Section        0  stm32f10x_tim.o(i.TIM_ITConfig)
    i.TIM_OC1Init                            0x080013d0   Section        0  stm32f10x_tim.o(i.TIM_OC1Init)
    i.TIM_OC2Init                            0x08001468   Section        0  stm32f10x_tim.o(i.TIM_OC2Init)
    i.TIM_OC4Init                            0x0800150c   Section        0  stm32f10x_tim.o(i.TIM_OC4Init)
    i.TIM_SelectInputTrigger                 0x08001588   Section        0  stm32f10x_tim.o(i.TIM_SelectInputTrigger)
    i.TIM_SelectMasterSlaveMode              0x0800159a   Section        0  stm32f10x_tim.o(i.TIM_SelectMasterSlaveMode)
    i.TIM_SelectOutputTrigger                0x080015ac   Section        0  stm32f10x_tim.o(i.TIM_SelectOutputTrigger)
    i.TIM_SelectSlaveMode                    0x080015be   Section        0  stm32f10x_tim.o(i.TIM_SelectSlaveMode)
    i.TIM_TimeBaseInit                       0x080015d0   Section        0  stm32f10x_tim.o(i.TIM_TimeBaseInit)
    i.TerminalMainLoop                       0x08001674   Section        0  terminalmain.o(i.TerminalMainLoop)
    i.TerminalMainSetup                      0x0800167c   Section        0  terminalmain.o(i.TerminalMainSetup)
    i.UART4_IRQHandler                       0x08001684   Section        0  usart.o(i.UART4_IRQHandler)
    i.USART1_IRQHandler                      0x080016a4   Section        0  usart.o(i.USART1_IRQHandler)
    i.USART1_Initialise                      0x080016c4   Section        0  usart.o(i.USART1_Initialise)
    i.USART2_IRQHandler                      0x08001768   Section        0  usart.o(i.USART2_IRQHandler)
    i.USART2_Initialise                      0x08001788   Section        0  usart.o(i.USART2_Initialise)
    i.USART3_IRQHandler                      0x08001830   Section        0  usart.o(i.USART3_IRQHandler)
    i.USART3_Initialise                      0x08001850   Section        0  usart.o(i.USART3_Initialise)
    i.USART4_Initialise                      0x080018f8   Section        0  usart.o(i.USART4_Initialise)
    i.USART_ClearFlag                        0x080019b8   Section        0  stm32f10x_usart.o(i.USART_ClearFlag)
    i.USART_Cmd                              0x080019ca   Section        0  stm32f10x_usart.o(i.USART_Cmd)
    i.USART_ITConfig                         0x080019e2   Section        0  stm32f10x_usart.o(i.USART_ITConfig)
    i.USART_Init                             0x08001a2c   Section        0  stm32f10x_usart.o(i.USART_Init)
    i.USART_ReceiveData                      0x08001b04   Section        0  stm32f10x_usart.o(i.USART_ReceiveData)
    i.UsageFault_Handler                     0x08001b0e   Section        0  stm32f10x_it.o(i.UsageFault_Handler)
    i._is_digit                              0x08001b12   Section        0  __printf_wp.o(i._is_digit)
    i._sys_exit                              0x08001b20   Section        0  usart.o(i._sys_exit)
    i.beep_init                              0x08001b24   Section        0  beep.o(i.beep_init)
    i.delay_init                             0x08001b58   Section        0  delay.o(i.delay_init)
    i.display_editbox                        0x08001b9c   Section        0  tmnio.o(i.display_editbox)
    i.editBox_active                         0x08001c10   Section        0  components.o(i.editBox_active)
    i.editBox_init                           0x08001c20   Section        0  components.o(i.editBox_init)
    i.ga_bitblt                              0x08001c48   Section        0  graphical.o(i.ga_bitblt)
    i.ga_clear_screen                        0x08001e2c   Section        0  vga.o(i.ga_clear_screen)
    i.ga_draw_circle                         0x08001e60   Section        0  graphical.o(i.ga_draw_circle)
    i.ga_draw_line                           0x08001f24   Section        0  graphical.o(i.ga_draw_line)
    i.ga_draw_point                          0x0800202c   Section        0  graphical.o(i.ga_draw_point)
    i.ga_draw_rec                            0x08002100   Section        0  graphical.o(i.ga_draw_rec)
    i.ga_draw_text                           0x0800214c   Section        0  graphical.o(i.ga_draw_text)
    i.getCharkey                             0x080021c0   Section        0  keyboard.o(i.getCharkey)
    i.getCtrlkey                             0x080021d0   Section        0  keyboard.o(i.getCtrlkey)
    i.getFuncID                              0x080021e0   Section        0  libmaster.o(i.getFuncID)
    i.interactive_editbox                    0x08002234   Section        0  terminal.o(i.interactive_editbox)
    i.key_get                                0x08002240   Section        0  keyboard.o(i.key_get)
    i.keyboardInput                          0x08002300   Section        0  tmnio.o(i.keyboardInput)
    i.libMaster                              0x080024a0   Section        0  libmaster.o(i.libMaster)
    i.main                                   0x080024c8   Section        0  main.o(i.main)
    i.mouseDrawAGV                           0x080024d4   Section        0  mouse.o(i.mouseDrawAGV)
    i.mouseDrawPoint                         0x08002548   Section        0  mouse.o(i.mouseDrawPoint)
    i.mouseDrawWall                          0x080025c2   Section        0  mouse.o(i.mouseDrawWall)
    i.moveLineCur                            0x08002698   Section        0  tmnio.o(i.moveLineCur)
    i.posStateDisplay                        0x08002730   Section        0  mouse.o(i.posStateDisplay)
    i.posStateUpdate                         0x080028e8   Section        0  mouse.o(i.posStateUpdate)
    i.spi_config                             0x08002968   Section        0  vga.o(i.spi_config)
    i.strLen                                 0x08002a84   Section        0  str_dealing.o(i.strLen)
    i.str_compare                            0x08002a98   Section        0  str_dealing.o(i.str_compare)
    i.termainal_init                         0x08002ad4   Section        0  terminal.o(i.termainal_init)
    i.termainal_load                         0x08002b94   Section        0  terminal.o(i.termainal_load)
    i.tmnUpdate                              0x08002bb8   Section        0  tmnio.o(i.tmnUpdate)
    i.tmnioLoop                              0x08002bcc   Section        0  tmnio.o(i.tmnioLoop)
    i.tmnioSetup                             0x08002cc4   Section        0  tmnio.o(i.tmnioSetup)
    i.uartMesRx                              0x08002da8   Section        0  mouse.o(i.uartMesRx)
    i.usart1_receive                         0x08002e64   Section        0  cmnct.o(i.usart1_receive)
    i.vga_GPIOinit                           0x08002e68   Section        0  vga.o(i.vga_GPIOinit)
    i.vga_device_init                        0x08002ebc   Section        0  vga.o(i.vga_device_init)
    i.vga_timer_init                         0x08002ed0   Section        0  vga.o(i.vga_timer_init)
    i.wifi_mes                               0x08003084   Section        0  cmnct.o(i.wifi_mes)
    i.wifi_receive                           0x080030fc   Section        0  cmnct.o(i.wifi_receive)
    .constdata                               0x08003108   Section    68104  bitmap.o(.constdata)
    .constdata                               0x08013b10   Section       40  _printf_hex_int.o(.constdata)
    uc_hextab                                0x08013b10   Data          20  _printf_hex_int.o(.constdata)
    lc_hextab                                0x08013b24   Data          20  _printf_hex_int.o(.constdata)
    .data                                    0x20000000   Section       20  system_stm32f10x.o(.data)
    .data                                    0x20000014   Section        2  cmnct.o(.data)
    x                                        0x20000014   Data           1  cmnct.o(.data)
    y                                        0x20000015   Data           1  cmnct.o(.data)
    .data                                    0x20000018   Section        6  keyboard.o(.data)
    .data                                    0x2000001e   Section       96  tmnio.o(.data)
    fullflag                                 0x20000020   Data           1  tmnio.o(.data)
    USER                                     0x20000021   Data          18  tmnio.o(.data)
    strbuf                                   0x20000033   Data          70  tmnio.o(.data)
    len                                      0x20000079   Data           1  tmnio.o(.data)
    firstflag                                0x2000007a   Data           1  tmnio.o(.data)
    line                                     0x2000007c   Data           2  tmnio.o(.data)
    .data                                    0x20000080   Section      160  libmaster.o(.data)
    .data                                    0x20000120   Section       19  mouse.o(.data)
    xhist                                    0x20000126   Data           2  mouse.o(.data)
    yhist                                    0x20000128   Data           2  mouse.o(.data)
    len                                      0x2000012a   Data           1  mouse.o(.data)
    start                                    0x2000012b   Data           1  mouse.o(.data)
    hist                                     0x2000012c   Data           6  mouse.o(.data)
    i                                        0x20000132   Data           1  mouse.o(.data)
    .data                                    0x20000134   Section        4  delay.o(.data)
    fac_us                                   0x20000134   Data           1  delay.o(.data)
    fac_ms                                   0x20000136   Data           2  delay.o(.data)
    .data                                    0x20000138   Section       14  vga.o(.data)
    num                                      0x20000144   Data           2  vga.o(.data)
    .data                                    0x20000146   Section       20  stm32f10x_rcc.o(.data)
    APBAHBPrescTable                         0x20000146   Data          16  stm32f10x_rcc.o(.data)
    ADCPrescTable                            0x20000156   Data           4  stm32f10x_rcc.o(.data)
    .bss                                     0x2000015c   Section    56480  graphical.o(.bss)
    x                                        0x2000ddac   Data          20  graphical.o(.bss)
    y                                        0x2000ddc0   Data          20  graphical.o(.bss)
    dx                                       0x2000ddd4   Data          20  graphical.o(.bss)
    dy                                       0x2000dde8   Data          20  graphical.o(.bss)
    .bss                                     0x2000ddfc   Section     1942  tmnio.o(.bss)
    .bss                                     0x2000e592   Section       20  mouse.o(.bss)
    buf                                      0x2000e592   Data          20  mouse.o(.bss)
    .bss                                     0x2000e5a8   Section       96  libspace.o(.bss)
    HEAP                                     0x2000e608   Section      512  startup_stm32f10x_hd.o(HEAP)
    Heap_Mem                                 0x2000e608   Data         512  startup_stm32f10x_hd.o(HEAP)
    STACK                                    0x2000e808   Section     1024  startup_stm32f10x_hd.o(STACK)
    Stack_Mem                                0x2000e808   Data        1024  startup_stm32f10x_hd.o(STACK)
    __initial_sp                             0x2000ec08   Data           0  startup_stm32f10x_hd.o(STACK)

    Global Symbols

    Symbol Name                              Value     Ov Type        Size  Object(Section)

    BuildAttributes$$THM_ISAv4$P$D$K$B$S$PE$A:L22UL41UL21$X:L11$S22US41US21$IEEE1$IW$USESV6$~STKCKD$USESV7$~SHL$OTIME$ROPI$IEEEX$EBA8$UX$STANDARDLIB$REQ8$PRES8$EABIv2 0x00000000   Number         0  anon$$obj.o ABSOLUTE
    __ARM_use_no_argv                        0x00000000   Number         0  main.o ABSOLUTE
    _printf_flags                            0x00000000   Number         0  printf_stubs.o ABSOLUTE
    _printf_return_value                     0x00000000   Number         0  printf_stubs.o ABSOLUTE
    _printf_sizespec                         0x00000000   Number         0  printf_stubs.o ABSOLUTE
    _printf_widthprec                        0x00000000   Number         0  printf_stubs.o ABSOLUTE
    __ARM_exceptions_init                     - Undefined Weak Reference
    __alloca_initialize                       - Undefined Weak Reference
    __arm_preinit_                            - Undefined Weak Reference
    __cpp_initialize__aeabi_                  - Undefined Weak Reference
    __cxa_finalize                            - Undefined Weak Reference
    __rt_locale                               - Undefined Weak Reference
    __sigvec_lookup                           - Undefined Weak Reference
    _atexit_init                              - Undefined Weak Reference
    _call_atexit_fns                          - Undefined Weak Reference
    _clock_init                               - Undefined Weak Reference
    _fp_trap_init                             - Undefined Weak Reference
    _fp_trap_shutdown                         - Undefined Weak Reference
    _get_lc_collate                           - Undefined Weak Reference
    _get_lc_ctype                             - Undefined Weak Reference
    _get_lc_monetary                          - Undefined Weak Reference
    _get_lc_numeric                           - Undefined Weak Reference
    _get_lc_time                              - Undefined Weak Reference
    _getenv_init                              - Undefined Weak Reference
    _handle_redirection                       - Undefined Weak Reference
    _init_alloc                               - Undefined Weak Reference
    _init_user_alloc                          - Undefined Weak Reference
    _initio                                   - Undefined Weak Reference
    _printf_mbtowc                            - Undefined Weak Reference
    _printf_truncate_signed                   - Undefined Weak Reference
    _printf_truncate_unsigned                 - Undefined Weak Reference
    _signal_finish                            - Undefined Weak Reference
    _signal_init                              - Undefined Weak Reference
    _terminate_alloc                          - Undefined Weak Reference
    _terminate_user_alloc                     - Undefined Weak Reference
    _terminateio                              - Undefined Weak Reference
    __Vectors_Size                           0x00000130   Number         0  startup_stm32f10x_hd.o ABSOLUTE
    __Vectors                                0x08000000   Data           4  startup_stm32f10x_hd.o(RESET)
    __Vectors_End                            0x08000130   Data           0  startup_stm32f10x_hd.o(RESET)
    __main                                   0x08000131   Thumb Code     8  __main.o(!!!main)
    __scatterload                            0x08000139   Thumb Code     0  __scatter.o(!!!scatter)
    __scatterload_rt2                        0x08000139   Thumb Code    44  __scatter.o(!!!scatter)
    __scatterload_rt2_thumb_only             0x08000139   Thumb Code     0  __scatter.o(!!!scatter)
    __scatterload_null                       0x08000147   Thumb Code     0  __scatter.o(!!!scatter)
    __decompress                             0x0800016d   Thumb Code    90  __dczerorl2.o(!!dczerorl2)
    __decompress1                            0x0800016d   Thumb Code     0  __dczerorl2.o(!!dczerorl2)
    __scatterload_zeroinit                   0x080001c9   Thumb Code    28  __scatter_zi.o(!!handler_zi)
    _printf_d                                0x080001e5   Thumb Code     0  _printf_d.o(.ARM.Collect$$_printf_percent$$00000009)
    _printf_percent                          0x080001e5   Thumb Code     0  _printf_percent.o(.ARM.Collect$$_printf_percent$$00000000)
    _printf_x                                0x080001eb   Thumb Code     0  _printf_x.o(.ARM.Collect$$_printf_percent$$0000000C)
    _printf_s                                0x080001f1   Thumb Code     0  _printf_s.o(.ARM.Collect$$_printf_percent$$00000014)
    _printf_percent_end                      0x080001f7   Thumb Code     0  _printf_percent_end.o(.ARM.Collect$$_printf_percent$$00000017)
    __rt_lib_init                            0x080001fb   Thumb Code     0  libinit.o(.ARM.Collect$$libinit$$00000000)
    __rt_lib_init_alloca_1                   0x080001fd   Thumb Code     0  libinit2.o(.ARM.Collect$$libinit$$0000002E)
    __rt_lib_init_argv_1                     0x080001fd   Thumb Code     0  libinit2.o(.ARM.Collect$$libinit$$0000002C)
    __rt_lib_init_atexit_1                   0x080001fd   Thumb Code     0  libinit2.o(.ARM.Collect$$libinit$$0000001B)
    __rt_lib_init_clock_1                    0x080001fd   Thumb Code     0  libinit2.o(.ARM.Collect$$libinit$$00000021)
    __rt_lib_init_cpp_1                      0x080001fd   Thumb Code     0  libinit2.o(.ARM.Collect$$libinit$$00000032)
    __rt_lib_init_exceptions_1               0x080001fd   Thumb Code     0  libinit2.o(.ARM.Collect$$libinit$$00000030)
    __rt_lib_init_fp_1                       0x080001fd   Thumb Code     0  libinit2.o(.ARM.Collect$$libinit$$00000002)
    __rt_lib_init_fp_trap_1                  0x080001fd   Thumb Code     0  libinit2.o(.ARM.Collect$$libinit$$0000001F)
    __rt_lib_init_getenv_1                   0x080001fd   Thumb Code     0  libinit2.o(.ARM.Collect$$libinit$$00000023)
    __rt_lib_init_heap_1                     0x080001fd   Thumb Code     0  libinit2.o(.ARM.Collect$$libinit$$0000000A)
    __rt_lib_init_lc_collate_1               0x080001fd   Thumb Code     0  libinit2.o(.ARM.Collect$$libinit$$00000011)
    __rt_lib_init_lc_ctype_1                 0x080001fd   Thumb Code     0  libinit2.o(.ARM.Collect$$libinit$$00000013)
    __rt_lib_init_lc_monetary_1              0x080001fd   Thumb Code     0  libinit2.o(.ARM.Collect$$libinit$$00000015)
    __rt_lib_init_lc_numeric_1               0x080001fd   Thumb Code     0  libinit2.o(.ARM.Collect$$libinit$$00000017)
    __rt_lib_init_lc_time_1                  0x080001fd   Thumb Code     0  libinit2.o(.ARM.Collect$$libinit$$00000019)
    __rt_lib_init_preinit_1                  0x080001fd   Thumb Code     0  libinit2.o(.ARM.Collect$$libinit$$00000004)
    __rt_lib_init_rand_1                     0x080001fd   Thumb Code     0  libinit2.o(.ARM.Collect$$libinit$$0000000E)
    __rt_lib_init_return                     0x080001fd   Thumb Code     0  libinit2.o(.ARM.Collect$$libinit$$00000033)
    __rt_lib_init_signal_1                   0x080001fd   Thumb Code     0  libinit2.o(.ARM.Collect$$libinit$$0000001D)
    __rt_lib_init_stdio_1                    0x080001fd   Thumb Code     0  libinit2.o(.ARM.Collect$$libinit$$00000025)
    __rt_lib_init_user_alloc_1               0x080001fd   Thumb Code     0  libinit2.o(.ARM.Collect$$libinit$$0000000C)
    __rt_lib_shutdown                        0x080001ff   Thumb Code     0  libshutdown.o(.ARM.Collect$$libshutdown$$00000000)
    __rt_lib_shutdown_cpp_1                  0x08000201   Thumb Code     0  libshutdown2.o(.ARM.Collect$$libshutdown$$00000002)
    __rt_lib_shutdown_fp_trap_1              0x08000201   Thumb Code     0  libshutdown2.o(.ARM.Collect$$libshutdown$$00000007)
    __rt_lib_shutdown_heap_1                 0x08000201   Thumb Code     0  libshutdown2.o(.ARM.Collect$$libshutdown$$0000000F)
    __rt_lib_shutdown_return                 0x08000201   Thumb Code     0  libshutdown2.o(.ARM.Collect$$libshutdown$$00000010)
    __rt_lib_shutdown_signal_1               0x08000201   Thumb Code     0  libshutdown2.o(.ARM.Collect$$libshutdown$$0000000A)
    __rt_lib_shutdown_stdio_1                0x08000201   Thumb Code     0  libshutdown2.o(.ARM.Collect$$libshutdown$$00000004)
    __rt_lib_shutdown_user_alloc_1           0x08000201   Thumb Code     0  libshutdown2.o(.ARM.Collect$$libshutdown$$0000000C)
    __rt_entry                               0x08000203   Thumb Code     0  __rtentry.o(.ARM.Collect$$rtentry$$00000000)
    __rt_entry_presh_1                       0x08000203   Thumb Code     0  __rtentry2.o(.ARM.Collect$$rtentry$$00000002)
    __rt_entry_sh                            0x08000203   Thumb Code     0  __rtentry4.o(.ARM.Collect$$rtentry$$00000004)
    __rt_entry_li                            0x08000209   Thumb Code     0  __rtentry2.o(.ARM.Collect$$rtentry$$0000000A)
    __rt_entry_postsh_1                      0x08000209   Thumb Code     0  __rtentry2.o(.ARM.Collect$$rtentry$$00000009)
    __rt_entry_main                          0x0800020d   Thumb Code     0  __rtentry2.o(.ARM.Collect$$rtentry$$0000000D)
    __rt_entry_postli_1                      0x0800020d   Thumb Code     0  __rtentry2.o(.ARM.Collect$$rtentry$$0000000C)
    __rt_exit                                0x08000215   Thumb Code     0  rtexit.o(.ARM.Collect$$rtexit$$00000000)
    __rt_exit_ls                             0x08000217   Thumb Code     0  rtexit2.o(.ARM.Collect$$rtexit$$00000003)
    __rt_exit_prels_1                        0x08000217   Thumb Code     0  rtexit2.o(.ARM.Collect$$rtexit$$00000002)
    __rt_exit_exit                           0x0800021b   Thumb Code     0  rtexit2.o(.ARM.Collect$$rtexit$$00000004)
    Reset_Handler                            0x08000221   Thumb Code     8  startup_stm32f10x_hd.o(.text)
    ADC1_2_IRQHandler                        0x0800023b   Thumb Code     0  startup_stm32f10x_hd.o(.text)
    ADC3_IRQHandler                          0x0800023b   Thumb Code     0  startup_stm32f10x_hd.o(.text)
    CAN1_RX1_IRQHandler                      0x0800023b   Thumb Code     0  startup_stm32f10x_hd.o(.text)
    CAN1_SCE_IRQHandler                      0x0800023b   Thumb Code     0  startup_stm32f10x_hd.o(.text)
    DMA1_Channel1_IRQHandler                 0x0800023b   Thumb Code     0  startup_stm32f10x_hd.o(.text)
    DMA1_Channel2_IRQHandler                 0x0800023b   Thumb Code     0  startup_stm32f10x_hd.o(.text)
    DMA1_Channel4_IRQHandler                 0x0800023b   Thumb Code     0  startup_stm32f10x_hd.o(.text)
    DMA1_Channel5_IRQHandler                 0x0800023b   Thumb Code     0  startup_stm32f10x_hd.o(.text)
    DMA1_Channel6_IRQHandler                 0x0800023b   Thumb Code     0  startup_stm32f10x_hd.o(.text)
    DMA1_Channel7_IRQHandler                 0x0800023b   Thumb Code     0  startup_stm32f10x_hd.o(.text)
    DMA2_Channel1_IRQHandler                 0x0800023b   Thumb Code     0  startup_stm32f10x_hd.o(.text)
    DMA2_Channel2_IRQHandler                 0x0800023b   Thumb Code     0  startup_stm32f10x_hd.o(.text)
    DMA2_Channel3_IRQHandler                 0x0800023b   Thumb Code     0  startup_stm32f10x_hd.o(.text)
    DMA2_Channel4_5_IRQHandler               0x0800023b   Thumb Code     0  startup_stm32f10x_hd.o(.text)
    EXTI0_IRQHandler                         0x0800023b   Thumb Code     0  startup_stm32f10x_hd.o(.text)
    EXTI15_10_IRQHandler                     0x0800023b   Thumb Code     0  startup_stm32f10x_hd.o(.text)
    EXTI1_IRQHandler                         0x0800023b   Thumb Code     0  startup_stm32f10x_hd.o(.text)
    EXTI2_IRQHandler                         0x0800023b   Thumb Code     0  startup_stm32f10x_hd.o(.text)
    EXTI3_IRQHandler                         0x0800023b   Thumb Code     0  startup_stm32f10x_hd.o(.text)
    EXTI4_IRQHandler                         0x0800023b   Thumb Code     0  startup_stm32f10x_hd.o(.text)
    EXTI9_5_IRQHandler                       0x0800023b   Thumb Code     0  startup_stm32f10x_hd.o(.text)
    FLASH_IRQHandler                         0x0800023b   Thumb Code     0  startup_stm32f10x_hd.o(.text)
    FSMC_IRQHandler                          0x0800023b   Thumb Code     0  startup_stm32f10x_hd.o(.text)
    I2C1_ER_IRQHandler                       0x0800023b   Thumb Code     0  startup_stm32f10x_hd.o(.text)
    I2C1_EV_IRQHandler                       0x0800023b   Thumb Code     0  startup_stm32f10x_hd.o(.text)
    I2C2_ER_IRQHandler                       0x0800023b   Thumb Code     0  startup_stm32f10x_hd.o(.text)
    I2C2_EV_IRQHandler                       0x0800023b   Thumb Code     0  startup_stm32f10x_hd.o(.text)
    PVD_IRQHandler                           0x0800023b   Thumb Code     0  startup_stm32f10x_hd.o(.text)
    RCC_IRQHandler                           0x0800023b   Thumb Code     0  startup_stm32f10x_hd.o(.text)
    RTCAlarm_IRQHandler                      0x0800023b   Thumb Code     0  startup_stm32f10x_hd.o(.text)
    RTC_IRQHandler                           0x0800023b   Thumb Code     0  startup_stm32f10x_hd.o(.text)
    SDIO_IRQHandler                          0x0800023b   Thumb Code     0  startup_stm32f10x_hd.o(.text)
    SPI1_IRQHandler                          0x0800023b   Thumb Code     0  startup_stm32f10x_hd.o(.text)
    SPI2_IRQHandler                          0x0800023b   Thumb Code     0  startup_stm32f10x_hd.o(.text)
    SPI3_IRQHandler                          0x0800023b   Thumb Code     0  startup_stm32f10x_hd.o(.text)
    TAMPER_IRQHandler                        0x0800023b   Thumb Code     0  startup_stm32f10x_hd.o(.text)
    TIM1_BRK_IRQHandler                      0x0800023b   Thumb Code     0  startup_stm32f10x_hd.o(.text)
    TIM1_TRG_COM_IRQHandler                  0x0800023b   Thumb Code     0  startup_stm32f10x_hd.o(.text)
    TIM1_UP_IRQHandler                       0x0800023b   Thumb Code     0  startup_stm32f10x_hd.o(.text)
    TIM3_IRQHandler                          0x0800023b   Thumb Code     0  startup_stm32f10x_hd.o(.text)
    TIM4_IRQHandler                          0x0800023b   Thumb Code     0  startup_stm32f10x_hd.o(.text)
    TIM5_IRQHandler                          0x0800023b   Thumb Code     0  startup_stm32f10x_hd.o(.text)
    TIM6_IRQHandler                          0x0800023b   Thumb Code     0  startup_stm32f10x_hd.o(.text)
    TIM7_IRQHandler                          0x0800023b   Thumb Code     0  startup_stm32f10x_hd.o(.text)
    TIM8_BRK_IRQHandler                      0x0800023b   Thumb Code     0  startup_stm32f10x_hd.o(.text)
    TIM8_CC_IRQHandler                       0x0800023b   Thumb Code     0  startup_stm32f10x_hd.o(.text)
    TIM8_TRG_COM_IRQHandler                  0x0800023b   Thumb Code     0  startup_stm32f10x_hd.o(.text)
    TIM8_UP_IRQHandler                       0x0800023b   Thumb Code     0  startup_stm32f10x_hd.o(.text)
    UART5_IRQHandler                         0x0800023b   Thumb Code     0  startup_stm32f10x_hd.o(.text)
    USBWakeUp_IRQHandler                     0x0800023b   Thumb Code     0  startup_stm32f10x_hd.o(.text)
    USB_HP_CAN1_TX_IRQHandler                0x0800023b   Thumb Code     0  startup_stm32f10x_hd.o(.text)
    USB_LP_CAN1_RX0_IRQHandler               0x0800023b   Thumb Code     0  startup_stm32f10x_hd.o(.text)
    WWDG_IRQHandler                          0x0800023b   Thumb Code     0  startup_stm32f10x_hd.o(.text)
    __user_initial_stackheap                 0x0800023d   Thumb Code     0  startup_stm32f10x_hd.o(.text)
    __use_no_semihosting                     0x08000261   Thumb Code     2  use_no_semi_2.o(.text)
    __2sprintf                               0x08000265   Thumb Code    34  noretval__2sprintf.o(.text)
    _printf_pre_padding                      0x0800028d   Thumb Code    44  _printf_pad.o(.text)
    _printf_post_padding                     0x080002b9   Thumb Code    34  _printf_pad.o(.text)
    _printf_str                              0x080002db   Thumb Code    82  _printf_str.o(.text)
    _printf_int_dec                          0x0800032d   Thumb Code   104  _printf_dec.o(.text)
    _printf_int_hex                          0x080003a5   Thumb Code    84  _printf_hex_int.o(.text)
    _printf_longlong_hex                     0x080003a5   Thumb Code     0  _printf_hex_int.o(.text)
    __printf                                 0x080003fd   Thumb Code   270  __printf_wp.o(.text)
    __use_two_region_memory                  0x0800050b   Thumb Code     2  heapauxi.o(.text)
    __rt_heap_escrow$2region                 0x0800050d   Thumb Code     2  heapauxi.o(.text)
    __rt_heap_expand$2region                 0x0800050f   Thumb Code     2  heapauxi.o(.text)
    __I$use$semihosting                      0x08000511   Thumb Code     0  use_no_semi.o(.text)
    __use_no_semihosting_swi                 0x08000511   Thumb Code     2  use_no_semi.o(.text)
    _printf_int_common                       0x08000513   Thumb Code   178  _printf_intcommon.o(.text)
    _printf_char_common                      0x080005cf   Thumb Code    32  _printf_char_common.o(.text)
    _sputc                                   0x080005f5   Thumb Code    10  _sputc.o(.text)
    _printf_cs_common                        0x080005ff   Thumb Code    20  _printf_char.o(.text)
    _printf_char                             0x08000613   Thumb Code    16  _printf_char.o(.text)
    _printf_string                           0x08000623   Thumb Code     8  _printf_char.o(.text)
    __user_libspace                          0x0800062d   Thumb Code     8  libspace.o(.text)
    __user_perproc_libspace                  0x0800062d   Thumb Code     0  libspace.o(.text)
    __user_perthread_libspace                0x0800062d   Thumb Code     0  libspace.o(.text)
    __user_setup_stackheap                   0x08000635   Thumb Code    74  sys_stackheap_outer.o(.text)
    exit                                     0x0800067f   Thumb Code    18  exit.o(.text)
    Amadeus_loop                             0x08000691   Thumb Code     8  main.o(i.Amadeus_loop)
    Amadeus_setup                            0x08000699   Thumb Code    64  main.o(i.Amadeus_setup)
    BusFault_Handler                         0x080006d9   Thumb Code     4  stm32f10x_it.o(i.BusFault_Handler)
    ClearScreen                              0x080006dd   Thumb Code    52  systool.o(i.ClearScreen)
    DMA1_Channel3_IRQHandler                 0x08000765   Thumb Code    70  vga.o(i.DMA1_Channel3_IRQHandler)
    DMA_DeInit                               0x080007c1   Thumb Code   324  stm32f10x_dma.o(i.DMA_DeInit)
    DMA_ITConfig                             0x0800090d   Thumb Code    18  stm32f10x_dma.o(i.DMA_ITConfig)
    DMA_Init                                 0x0800091f   Thumb Code    60  stm32f10x_dma.o(i.DMA_Init)
    DebugMon_Handler                         0x0800095b   Thumb Code     2  stm32f10x_it.o(i.DebugMon_Handler)
    DisMessageNewLine                        0x0800095d   Thumb Code    68  tmnio.o(i.DisMessageNewLine)
    GPIO_Init                                0x080009a9   Thumb Code   278  stm32f10x_gpio.o(i.GPIO_Init)
    GPIO_ResetBits                           0x08000abf   Thumb Code     4  stm32f10x_gpio.o(i.GPIO_ResetBits)
    GPIO_SetBits                             0x08000ac3   Thumb Code     4  stm32f10x_gpio.o(i.GPIO_SetBits)
    HardFault_Handler                        0x08000ac7   Thumb Code     4  stm32f10x_it.o(i.HardFault_Handler)
    KeyBoardEnable                           0x08000acd   Thumb Code    10  tmnio.o(i.KeyBoardEnable)
    MemManage_Handler                        0x08000add   Thumb Code     4  stm32f10x_it.o(i.MemManage_Handler)
    Mouse                                    0x08000ae1   Thumb Code    34  mouse.o(i.Mouse)
    MouseLoop                                0x08000b03   Thumb Code    16  mouse.o(i.MouseLoop)
    MouseSetup                               0x08000b15   Thumb Code    48  mouse.o(i.MouseSetup)
    NMI_Handler                              0x08000b49   Thumb Code     2  stm32f10x_it.o(i.NMI_Handler)
    NVIC_Init                                0x08000b4d   Thumb Code   100  misc.o(i.NVIC_Init)
    NVIC_PriorityGroupConfig                 0x08000bbd   Thumb Code    10  misc.o(i.NVIC_PriorityGroupConfig)
    PendSV_Handler                           0x08000bd1   Thumb Code     2  stm32f10x_it.o(i.PendSV_Handler)
    RCC_AHBPeriphClockCmd                    0x08000bd5   Thumb Code    26  stm32f10x_rcc.o(i.RCC_AHBPeriphClockCmd)
    RCC_APB1PeriphClockCmd                   0x08000bf5   Thumb Code    26  stm32f10x_rcc.o(i.RCC_APB1PeriphClockCmd)
    RCC_APB2PeriphClockCmd                   0x08000c15   Thumb Code    26  stm32f10x_rcc.o(i.RCC_APB2PeriphClockCmd)
    RCC_GetClocksFreq                        0x08000c35   Thumb Code   192  stm32f10x_rcc.o(i.RCC_GetClocksFreq)
    SPI_CalculateCRC                         0x08000d09   Thumb Code    24  stm32f10x_spi.o(i.SPI_CalculateCRC)
    SPI_Cmd                                  0x08000d21   Thumb Code    24  stm32f10x_spi.o(i.SPI_Cmd)
    SPI_Init                                 0x08000d39   Thumb Code    60  stm32f10x_spi.o(i.SPI_Init)
    SVC_Handler                              0x08000d75   Thumb Code     2  stm32f10x_it.o(i.SVC_Handler)
    ShowMessage                              0x08000e61   Thumb Code    46  mouse.o(i.ShowMessage)
    ShowVersion                              0x08000f25   Thumb Code   106  mouse.o(i.ShowVersion)
    SysOutInfo                               0x08001219   Thumb Code   104  tmnio.o(i.SysOutInfo)
    SysReboot                                0x08001281   Thumb Code    36  systool.o(i.SysReboot)
    SysTick_CLKSourceConfig                  0x080012c5   Thumb Code    40  misc.o(i.SysTick_CLKSourceConfig)
    SysTick_Handler                          0x080012ed   Thumb Code     2  stm32f10x_it.o(i.SysTick_Handler)
    SystemInit                               0x080012f1   Thumb Code    78  system_stm32f10x.o(i.SystemInit)
    TIM1_CC_IRQHandler                       0x08001351   Thumb Code    22  vga.o(i.TIM1_CC_IRQHandler)
    TIM2_IRQHandler                          0x08001375   Thumb Code    16  vga.o(i.TIM2_IRQHandler)
    TIM_Cmd                                  0x08001389   Thumb Code    24  stm32f10x_tim.o(i.TIM_Cmd)
    TIM_CtrlPWMOutputs                       0x080013a1   Thumb Code    30  stm32f10x_tim.o(i.TIM_CtrlPWMOutputs)
    TIM_ITConfig                             0x080013bf   Thumb Code    18  stm32f10x_tim.o(i.TIM_ITConfig)
    TIM_OC1Init                              0x080013d1   Thumb Code   132  stm32f10x_tim.o(i.TIM_OC1Init)
    TIM_OC2Init                              0x08001469   Thumb Code   154  stm32f10x_tim.o(i.TIM_OC2Init)
    TIM_OC4Init                              0x0800150d   Thumb Code   114  stm32f10x_tim.o(i.TIM_OC4Init)
    TIM_SelectInputTrigger                   0x08001589   Thumb Code    18  stm32f10x_tim.o(i.TIM_SelectInputTrigger)
    TIM_SelectMasterSlaveMode                0x0800159b   Thumb Code    18  stm32f10x_tim.o(i.TIM_SelectMasterSlaveMode)
    TIM_SelectOutputTrigger                  0x080015ad   Thumb Code    18  stm32f10x_tim.o(i.TIM_SelectOutputTrigger)
    TIM_SelectSlaveMode                      0x080015bf   Thumb Code    18  stm32f10x_tim.o(i.TIM_SelectSlaveMode)
    TIM_TimeBaseInit                         0x080015d1   Thumb Code   122  stm32f10x_tim.o(i.TIM_TimeBaseInit)
    TerminalMainLoop                         0x08001675   Thumb Code     8  terminalmain.o(i.TerminalMainLoop)
    TerminalMainSetup                        0x0800167d   Thumb Code     8  terminalmain.o(i.TerminalMainSetup)
    UART4_IRQHandler                         0x08001685   Thumb Code    28  usart.o(i.UART4_IRQHandler)
    USART1_IRQHandler                        0x080016a5   Thumb Code    28  usart.o(i.USART1_IRQHandler)
    USART1_Initialise                        0x080016c5   Thumb Code   154  usart.o(i.USART1_Initialise)
    USART2_IRQHandler                        0x08001769   Thumb Code    28  usart.o(i.USART2_IRQHandler)
    USART2_Initialise                        0x08001789   Thumb Code   154  usart.o(i.USART2_Initialise)
    USART3_IRQHandler                        0x08001831   Thumb Code    28  usart.o(i.USART3_IRQHandler)
    USART3_Initialise                        0x08001851   Thumb Code   160  usart.o(i.USART3_Initialise)
    USART4_Initialise                        0x080018f9   Thumb Code   182  usart.o(i.USART4_Initialise)
    USART_ClearFlag                          0x080019b9   Thumb Code    18  stm32f10x_usart.o(i.USART_ClearFlag)
    USART_Cmd                                0x080019cb   Thumb Code    24  stm32f10x_usart.o(i.USART_Cmd)
    USART_ITConfig                           0x080019e3   Thumb Code    74  stm32f10x_usart.o(i.USART_ITConfig)
    USART_Init                               0x08001a2d   Thumb Code   210  stm32f10x_usart.o(i.USART_Init)
    USART_ReceiveData                        0x08001b05   Thumb Code    10  stm32f10x_usart.o(i.USART_ReceiveData)
    UsageFault_Handler                       0x08001b0f   Thumb Code     4  stm32f10x_it.o(i.UsageFault_Handler)
    _is_digit                                0x08001b13   Thumb Code    14  __printf_wp.o(i._is_digit)
    _sys_exit                                0x08001b21   Thumb Code     4  usart.o(i._sys_exit)
    beep_init                                0x08001b25   Thumb Code    46  beep.o(i.beep_init)
    delay_init                               0x08001b59   Thumb Code    50  delay.o(i.delay_init)
    display_editbox                          0x08001b9d   Thumb Code   116  tmnio.o(i.display_editbox)
    editBox_active                           0x08001c11   Thumb Code    12  components.o(i.editBox_active)
    editBox_init                             0x08001c21   Thumb Code    38  components.o(i.editBox_init)
    ga_bitblt                                0x08001c49   Thumb Code   478  graphical.o(i.ga_bitblt)
    ga_clear_screen                          0x08001e2d   Thumb Code    48  vga.o(i.ga_clear_screen)
    ga_draw_circle                           0x08001e61   Thumb Code   196  graphical.o(i.ga_draw_circle)
    ga_draw_line                             0x08001f25   Thumb Code   262  graphical.o(i.ga_draw_line)
    ga_draw_point                            0x0800202d   Thumb Code   208  graphical.o(i.ga_draw_point)
    ga_draw_rec                              0x08002101   Thumb Code    74  graphical.o(i.ga_draw_rec)
    ga_draw_text                             0x0800214d   Thumb Code   112  graphical.o(i.ga_draw_text)
    getCharkey                               0x080021c1   Thumb Code    12  keyboard.o(i.getCharkey)
    getCtrlkey                               0x080021d1   Thumb Code    12  keyboard.o(i.getCtrlkey)
    getFuncID                                0x080021e1   Thumb Code    78  libmaster.o(i.getFuncID)
    interactive_editbox                      0x08002235   Thumb Code    12  terminal.o(i.interactive_editbox)
    key_get                                  0x08002241   Thumb Code   184  keyboard.o(i.key_get)
    keyboardInput                            0x08002301   Thumb Code   350  tmnio.o(i.keyboardInput)
    libMaster                                0x080024a1   Thumb Code    36  libmaster.o(i.libMaster)
    main                                     0x080024c9   Thumb Code    12  main.o(i.main)
    mouseDrawAGV                             0x080024d5   Thumb Code   108  mouse.o(i.mouseDrawAGV)
    mouseDrawPoint                           0x08002549   Thumb Code   122  mouse.o(i.mouseDrawPoint)
    mouseDrawWall                            0x080025c3   Thumb Code   214  mouse.o(i.mouseDrawWall)
    moveLineCur                              0x08002699   Thumb Code   136  tmnio.o(i.moveLineCur)
    posStateDisplay                          0x08002731   Thumb Code   230  mouse.o(i.posStateDisplay)
    posStateUpdate                           0x080028e9   Thumb Code   120  mouse.o(i.posStateUpdate)
    spi_config                               0x08002969   Thumb Code   266  vga.o(i.spi_config)
    strLen                                   0x08002a85   Thumb Code    20  str_dealing.o(i.strLen)
    str_compare                              0x08002a99   Thumb Code    58  str_dealing.o(i.str_compare)
    termainal_init                           0x08002ad5   Thumb Code   110  terminal.o(i.termainal_init)
    termainal_load                           0x08002b95   Thumb Code    36  terminal.o(i.termainal_load)
    tmnUpdate                                0x08002bb9   Thumb Code    12  tmnio.o(i.tmnUpdate)
    tmnioLoop                                0x08002bcd   Thumb Code   104  tmnio.o(i.tmnioLoop)
    tmnioSetup                               0x08002cc5   Thumb Code   118  tmnio.o(i.tmnioSetup)
    uartMesRx                                0x08002da9   Thumb Code   172  mouse.o(i.uartMesRx)
    usart1_receive                           0x08002e65   Thumb Code     2  cmnct.o(i.usart1_receive)
    vga_GPIOinit                             0x08002e69   Thumb Code    74  vga.o(i.vga_GPIOinit)
    vga_device_init                          0x08002ebd   Thumb Code    20  vga.o(i.vga_device_init)
    vga_timer_init                           0x08002ed1   Thumb Code   428  vga.o(i.vga_timer_init)
    wifi_mes                                 0x08003085   Thumb Code   112  cmnct.o(i.wifi_mes)
    wifi_receive                             0x080030fd   Thumb Code    12  cmnct.o(i.wifi_receive)
    ascii_word                               0x08003108   Data         864  bitmap.o(.constdata)
    score_map                                0x08003468   Data          60  bitmap.o(.constdata)
    mes                                      0x080034a4   Data         600  bitmap.o(.constdata)
    cfg_mes                                  0x080036fc   Data        2100  bitmap.o(.constdata)
    fg_map                                   0x08003f30   Data        3040  bitmap.o(.constdata)
    bmp_gear                                 0x08004b10   Data        2048  bitmap.o(.constdata)
    bmp_kelisu                               0x08005310   Data        8192  bitmap.o(.constdata)
    bmp_misaka                               0x08007310   Data        2048  bitmap.o(.constdata)
    bmp_amdeus                               0x08007b10   Data       16384  bitmap.o(.constdata)
    bmp_makise                               0x0800bb10   Data       32768  bitmap.o(.constdata)
    Region$$Table$$Base                      0x08013b38   Number         0  anon$$obj.o(Region$$Table)
    Region$$Table$$Limit                     0x08013b58   Number         0  anon$$obj.o(Region$$Table)
    SystemCoreClock                          0x20000000   Data           4  system_stm32f10x.o(.data)
    AHBPrescTable                            0x20000004   Data          16  system_stm32f10x.o(.data)
    key_eb                                   0x20000018   Data           4  keyboard.o(.data)
    g_keydata                                0x2000001c   Data           2  keyboard.o(.data)
    g_TmlState                               0x2000001e   Data           1  tmnio.o(.data)
    g_lineKeyCur                             0x2000001f   Data           1  tmnio.o(.data)
    AppLib                                   0x20000080   Data         160  libmaster.o(.data)
    g_mousePos                               0x20000120   Data           6  mouse.o(.data)
    vline                                    0x20000138   Data           2  vga.o(.data)
    vflag                                    0x2000013c   Data           4  vga.o(.data)
    vdraw                                    0x20000140   Data           4  vga.o(.data)
    fb                                       0x2000015c   Data       56400  graphical.o(.bss)
    g_tmlobj                                 0x2000ddfc   Data         114  tmnio.o(.bss)
    g_tmlbuf                                 0x2000de6e   Data        1680  tmnio.o(.bss)
    g_tmlbufpnt                              0x2000e500   Data          96  tmnio.o(.bss)
    g_tmlcmd                                 0x2000e560   Data          50  tmnio.o(.bss)
    __libspace_start                         0x2000e5a8   Data          96  libspace.o(.bss)
    __temporary_stack_top$libspace           0x2000e608   Data           0  libspace.o(.bss)



==============================================================================

Memory Map of the image

  Image Entry point : 0x08000221

  Load Region LR_1 (Base: 0x08000000, Size: 0x00013cb4, Max: 0xffffffff, ABSOLUTE, COMPRESSED[0x00013bb8])

    Execution Region ER_RO (Exec base: 0x08000000, Load base: 0x08000000, Size: 0x00013b58, Max: 0xffffffff, ABSOLUTE)

    Exec Addr    Load Addr    Size         Type   Attr      Idx    E Section Name        Object

    0x08000000   0x08000000   0x00000130   Data   RO         1119    RESET               startup_stm32f10x_hd.o
    0x08000130   0x08000130   0x00000008   Code   RO         2686  * !!!main             c_w.l(__main.o)
    0x08000138   0x08000138   0x00000034   Code   RO         2985    !!!scatter          c_w.l(__scatter.o)
    0x0800016c   0x0800016c   0x0000005a   Code   RO         2983    !!dczerorl2         c_w.l(__dczerorl2.o)
    0x080001c6   0x080001c6   0x00000002   PAD
    0x080001c8   0x080001c8   0x0000001c   Code   RO         2987    !!handler_zi        c_w.l(__scatter_zi.o)
    0x080001e4   0x080001e4   0x00000000   Code   RO         2676    .ARM.Collect$$_printf_percent$$00000000  c_w.l(_printf_percent.o)
    0x080001e4   0x080001e4   0x00000006   Code   RO         2675    .ARM.Collect$$_printf_percent$$00000009  c_w.l(_printf_d.o)
    0x080001ea   0x080001ea   0x00000006   Code   RO         2674    .ARM.Collect$$_printf_percent$$0000000C  c_w.l(_printf_x.o)
    0x080001f0   0x080001f0   0x00000006   Code   RO         2673    .ARM.Collect$$_printf_percent$$00000014  c_w.l(_printf_s.o)
    0x080001f6   0x080001f6   0x00000004   Code   RO         2767    .ARM.Collect$$_printf_percent$$00000017  c_w.l(_printf_percent_end.o)
    0x080001fa   0x080001fa   0x00000002   Code   RO         2909    .ARM.Collect$$libinit$$00000000  c_w.l(libinit.o)
    0x080001fc   0x080001fc   0x00000000   Code   RO         2769    .ARM.Collect$$libinit$$00000002  c_w.l(libinit2.o)
    0x080001fc   0x080001fc   0x00000000   Code   RO         2771    .ARM.Collect$$libinit$$00000004  c_w.l(libinit2.o)
    0x080001fc   0x080001fc   0x00000000   Code   RO         2774    .ARM.Collect$$libinit$$0000000A  c_w.l(libinit2.o)
    0x080001fc   0x080001fc   0x00000000   Code   RO         2776    .ARM.Collect$$libinit$$0000000C  c_w.l(libinit2.o)
    0x080001fc   0x080001fc   0x00000000   Code   RO         2778    .ARM.Collect$$libinit$$0000000E  c_w.l(libinit2.o)
    0x080001fc   0x080001fc   0x00000000   Code   RO         2781    .ARM.Collect$$libinit$$00000011  c_w.l(libinit2.o)
    0x080001fc   0x080001fc   0x00000000   Code   RO         2783    .ARM.Collect$$libinit$$00000013  c_w.l(libinit2.o)
    0x080001fc   0x080001fc   0x00000000   Code   RO         2785    .ARM.Collect$$libinit$$00000015  c_w.l(libinit2.o)
    0x080001fc   0x080001fc   0x00000000   Code   RO         2787    .ARM.Collect$$libinit$$00000017  c_w.l(libinit2.o)
    0x080001fc   0x080001fc   0x00000000   Code   RO         2789    .ARM.Collect$$libinit$$00000019  c_w.l(libinit2.o)
    0x080001fc   0x080001fc   0x00000000   Code   RO         2791    .ARM.Collect$$libinit$$0000001B  c_w.l(libinit2.o)
    0x080001fc   0x080001fc   0x00000000   Code   RO         2793    .ARM.Collect$$libinit$$0000001D  c_w.l(libinit2.o)
    0x080001fc   0x080001fc   0x00000000   Code   RO         2795    .ARM.Collect$$libinit$$0000001F  c_w.l(libinit2.o)
    0x080001fc   0x080001fc   0x00000000   Code   RO         2797    .ARM.Collect$$libinit$$00000021  c_w.l(libinit2.o)
    0x080001fc   0x080001fc   0x00000000   Code   RO         2799    .ARM.Collect$$libinit$$00000023  c_w.l(libinit2.o)
    0x080001fc   0x080001fc   0x00000000   Code   RO         2801    .ARM.Collect$$libinit$$00000025  c_w.l(libinit2.o)
    0x080001fc   0x080001fc   0x00000000   Code   RO         2805    .ARM.Collect$$libinit$$0000002C  c_w.l(libinit2.o)
    0x080001fc   0x080001fc   0x00000000   Code   RO         2807    .ARM.Collect$$libinit$$0000002E  c_w.l(libinit2.o)
    0x080001fc   0x080001fc   0x00000000   Code   RO         2809    .ARM.Collect$$libinit$$00000030  c_w.l(libinit2.o)
    0x080001fc   0x080001fc   0x00000000   Code   RO         2811    .ARM.Collect$$libinit$$00000032  c_w.l(libinit2.o)
    0x080001fc   0x080001fc   0x00000002   Code   RO         2812    .ARM.Collect$$libinit$$00000033  c_w.l(libinit2.o)
    0x080001fe   0x080001fe   0x00000002   Code   RO         2944    .ARM.Collect$$libshutdown$$00000000  c_w.l(libshutdown.o)
    0x08000200   0x08000200   0x00000000   Code   RO         2950    .ARM.Collect$$libshutdown$$00000002  c_w.l(libshutdown2.o)
    0x08000200   0x08000200   0x00000000   Code   RO         2952    .ARM.Collect$$libshutdown$$00000004  c_w.l(libshutdown2.o)
    0x08000200   0x08000200   0x00000000   Code   RO         2955    .ARM.Collect$$libshutdown$$00000007  c_w.l(libshutdown2.o)
    0x08000200   0x08000200   0x00000000   Code   RO         2958    .ARM.Collect$$libshutdown$$0000000A  c_w.l(libshutdown2.o)
    0x08000200   0x08000200   0x00000000   Code   RO         2960    .ARM.Collect$$libshutdown$$0000000C  c_w.l(libshutdown2.o)
    0x08000200   0x08000200   0x00000000   Code   RO         2963    .ARM.Collect$$libshutdown$$0000000F  c_w.l(libshutdown2.o)
    0x08000200   0x08000200   0x00000002   Code   RO         2964    .ARM.Collect$$libshutdown$$00000010  c_w.l(libshutdown2.o)
    0x08000202   0x08000202   0x00000000   Code   RO         2756    .ARM.Collect$$rtentry$$00000000  c_w.l(__rtentry.o)
    0x08000202   0x08000202   0x00000000   Code   RO         2864    .ARM.Collect$$rtentry$$00000002  c_w.l(__rtentry2.o)
    0x08000202   0x08000202   0x00000006   Code   RO         2876    .ARM.Collect$$rtentry$$00000004  c_w.l(__rtentry4.o)
    0x08000208   0x08000208   0x00000000   Code   RO         2866    .ARM.Collect$$rtentry$$00000009  c_w.l(__rtentry2.o)
    0x08000208   0x08000208   0x00000004   Code   RO         2867    .ARM.Collect$$rtentry$$0000000A  c_w.l(__rtentry2.o)
    0x0800020c   0x0800020c   0x00000000   Code   RO         2869    .ARM.Collect$$rtentry$$0000000C  c_w.l(__rtentry2.o)
    0x0800020c   0x0800020c   0x00000008   Code   RO         2870    .ARM.Collect$$rtentry$$0000000D  c_w.l(__rtentry2.o)
    0x08000214   0x08000214   0x00000002   Code   RO         2914    .ARM.Collect$$rtexit$$00000000  c_w.l(rtexit.o)
    0x08000216   0x08000216   0x00000000   Code   RO         2926    .ARM.Collect$$rtexit$$00000002  c_w.l(rtexit2.o)
    0x08000216   0x08000216   0x00000004   Code   RO         2927    .ARM.Collect$$rtexit$$00000003  c_w.l(rtexit2.o)
    0x0800021a   0x0800021a   0x00000006   Code   RO         2928    .ARM.Collect$$rtexit$$00000004  c_w.l(rtexit2.o)
    0x08000220   0x08000220   0x00000040   Code   RO         1120  * .text               startup_stm32f10x_hd.o
    0x08000260   0x08000260   0x00000002   Code   RO         2618    .text               c_w.l(use_no_semi_2.o)
    0x08000262   0x08000262   0x00000002   PAD
    0x08000264   0x08000264   0x00000028   Code   RO         2622    .text               c_w.l(noretval__2sprintf.o)
    0x0800028c   0x0800028c   0x0000004e   Code   RO         2626    .text               c_w.l(_printf_pad.o)
    0x080002da   0x080002da   0x00000052   Code   RO         2628    .text               c_w.l(_printf_str.o)
    0x0800032c   0x0800032c   0x00000078   Code   RO         2630    .text               c_w.l(_printf_dec.o)
    0x080003a4   0x080003a4   0x00000058   Code   RO         2635    .text               c_w.l(_printf_hex_int.o)
    0x080003fc   0x080003fc   0x0000010e   Code   RO         2661    .text               c_w.l(__printf_wp.o)
    0x0800050a   0x0800050a   0x00000006   Code   RO         2684    .text               c_w.l(heapauxi.o)
    0x08000510   0x08000510   0x00000002   Code   RO         2754    .text               c_w.l(use_no_semi.o)
    0x08000512   0x08000512   0x000000b2   Code   RO         2759    .text               c_w.l(_printf_intcommon.o)
    0x080005c4   0x080005c4   0x00000030   Code   RO         2761    .text               c_w.l(_printf_char_common.o)
    0x080005f4   0x080005f4   0x0000000a   Code   RO         2763    .text               c_w.l(_sputc.o)
    0x080005fe   0x080005fe   0x0000002c   Code   RO         2765    .text               c_w.l(_printf_char.o)
    0x0800062a   0x0800062a   0x00000002   PAD
    0x0800062c   0x0800062c   0x00000008   Code   RO         2893    .text               c_w.l(libspace.o)
    0x08000634   0x08000634   0x0000004a   Code   RO         2896    .text               c_w.l(sys_stackheap_outer.o)
    0x0800067e   0x0800067e   0x00000012   Code   RO         2898    .text               c_w.l(exit.o)
    0x08000690   0x08000690   0x00000008   Code   RO            1    i.Amadeus_loop      main.o
    0x08000698   0x08000698   0x00000040   Code   RO            2    i.Amadeus_setup     main.o
    0x080006d8   0x080006d8   0x00000004   Code   RO          160    i.BusFault_Handler  stm32f10x_it.o
    0x080006dc   0x080006dc   0x00000088   Code   RO          792    i.ClearScreen       systool.o
    0x08000764   0x08000764   0x0000005c   Code   RO         1000    i.DMA1_Channel3_IRQHandler  vga.o
    0x080007c0   0x080007c0   0x0000014c   Code   RO         1681    i.DMA_DeInit        stm32f10x_dma.o
    0x0800090c   0x0800090c   0x00000012   Code   RO         1685    i.DMA_ITConfig      stm32f10x_dma.o
    0x0800091e   0x0800091e   0x0000003c   Code   RO         1686    i.DMA_Init          stm32f10x_dma.o
    0x0800095a   0x0800095a   0x00000002   Code   RO          161    i.DebugMon_Handler  stm32f10x_it.o
    0x0800095c   0x0800095c   0x0000004c   Code   RO          596    i.DisMessageNewLine  tmnio.o
    0x080009a8   0x080009a8   0x00000116   Code   RO         1166    i.GPIO_Init         stm32f10x_gpio.o
    0x08000abe   0x08000abe   0x00000004   Code   RO         1173    i.GPIO_ResetBits    stm32f10x_gpio.o
    0x08000ac2   0x08000ac2   0x00000004   Code   RO         1174    i.GPIO_SetBits      stm32f10x_gpio.o
    0x08000ac6   0x08000ac6   0x00000004   Code   RO          162    i.HardFault_Handler  stm32f10x_it.o
    0x08000aca   0x08000aca   0x00000002   PAD
    0x08000acc   0x08000acc   0x00000010   Code   RO          597    i.KeyBoardEnable    tmnio.o
    0x08000adc   0x08000adc   0x00000004   Code   RO          163    i.MemManage_Handler  stm32f10x_it.o
    0x08000ae0   0x08000ae0   0x00000022   Code   RO          708    i.Mouse             mouse.o
    0x08000b02   0x08000b02   0x00000010   Code   RO          709    i.MouseLoop         mouse.o
    0x08000b12   0x08000b12   0x00000002   PAD
    0x08000b14   0x08000b14   0x00000034   Code   RO          710    i.MouseSetup        mouse.o
    0x08000b48   0x08000b48   0x00000002   Code   RO          164    i.NMI_Handler       stm32f10x_it.o
    0x08000b4a   0x08000b4a   0x00000002   PAD
    0x08000b4c   0x08000b4c   0x00000070   Code   RO         1124    i.NVIC_Init         misc.o
    0x08000bbc   0x08000bbc   0x00000014   Code   RO         1125    i.NVIC_PriorityGroupConfig  misc.o
    0x08000bd0   0x08000bd0   0x00000002   Code   RO          165    i.PendSV_Handler    stm32f10x_it.o
    0x08000bd2   0x08000bd2   0x00000002   PAD
    0x08000bd4   0x08000bd4   0x00000020   Code   RO         1299    i.RCC_AHBPeriphClockCmd  stm32f10x_rcc.o
    0x08000bf4   0x08000bf4   0x00000020   Code   RO         1300    i.RCC_APB1PeriphClockCmd  stm32f10x_rcc.o
    0x08000c14   0x08000c14   0x00000020   Code   RO         1302    i.RCC_APB2PeriphClockCmd  stm32f10x_rcc.o
    0x08000c34   0x08000c34   0x000000d4   Code   RO         1310    i.RCC_GetClocksFreq  stm32f10x_rcc.o
    0x08000d08   0x08000d08   0x00000018   Code   RO         1754    i.SPI_CalculateCRC  stm32f10x_spi.o
    0x08000d20   0x08000d20   0x00000018   Code   RO         1755    i.SPI_Cmd           stm32f10x_spi.o
    0x08000d38   0x08000d38   0x0000003c   Code   RO         1768    i.SPI_Init          stm32f10x_spi.o
    0x08000d74   0x08000d74   0x00000002   Code   RO          166    i.SVC_Handler       stm32f10x_it.o
    0x08000d76   0x08000d76   0x00000008   Code   RO          223    i.SetSysClock       system_stm32f10x.o
    0x08000d7e   0x08000d7e   0x00000002   PAD
    0x08000d80   0x08000d80   0x000000e0   Code   RO          224    i.SetSysClockTo72   system_stm32f10x.o
    0x08000e60   0x08000e60   0x000000c4   Code   RO          711    i.ShowMessage       mouse.o
    0x08000f24   0x08000f24   0x000002f4   Code   RO          712    i.ShowVersion       mouse.o
    0x08001218   0x08001218   0x00000068   Code   RO          598    i.SysOutInfo        tmnio.o
    0x08001280   0x08001280   0x00000044   Code   RO          793    i.SysReboot         systool.o
    0x080012c4   0x080012c4   0x00000028   Code   RO         1128    i.SysTick_CLKSourceConfig  misc.o
    0x080012ec   0x080012ec   0x00000002   Code   RO          167    i.SysTick_Handler   stm32f10x_it.o
    0x080012ee   0x080012ee   0x00000002   PAD
    0x080012f0   0x080012f0   0x00000060   Code   RO          226    i.SystemInit        system_stm32f10x.o
    0x08001350   0x08001350   0x00000024   Code   RO         1001    i.TIM1_CC_IRQHandler  vga.o
    0x08001374   0x08001374   0x00000014   Code   RO         1002    i.TIM2_IRQHandler   vga.o
    0x08001388   0x08001388   0x00000018   Code   RO         1910    i.TIM_Cmd           stm32f10x_tim.o
    0x080013a0   0x080013a0   0x0000001e   Code   RO         1912    i.TIM_CtrlPWMOutputs  stm32f10x_tim.o
    0x080013be   0x080013be   0x00000012   Code   RO         1935    i.TIM_ITConfig      stm32f10x_tim.o
    0x080013d0   0x080013d0   0x00000098   Code   RO         1939    i.TIM_OC1Init       stm32f10x_tim.o
    0x08001468   0x08001468   0x000000a4   Code   RO         1944    i.TIM_OC2Init       stm32f10x_tim.o
    0x0800150c   0x0800150c   0x0000007c   Code   RO         1954    i.TIM_OC4Init       stm32f10x_tim.o
    0x08001588   0x08001588   0x00000012   Code   RO         1963    i.TIM_SelectInputTrigger  stm32f10x_tim.o
    0x0800159a   0x0800159a   0x00000012   Code   RO         1964    i.TIM_SelectMasterSlaveMode  stm32f10x_tim.o
    0x080015ac   0x080015ac   0x00000012   Code   RO         1967    i.TIM_SelectOutputTrigger  stm32f10x_tim.o
    0x080015be   0x080015be   0x00000012   Code   RO         1968    i.TIM_SelectSlaveMode  stm32f10x_tim.o
    0x080015d0   0x080015d0   0x000000a4   Code   RO         1981    i.TIM_TimeBaseInit  stm32f10x_tim.o
    0x08001674   0x08001674   0x00000008   Code   RO          567    i.TerminalMainLoop  terminalmain.o
    0x0800167c   0x0800167c   0x00000008   Code   RO          568    i.TerminalMainSetup  terminalmain.o
    0x08001684   0x08001684   0x00000020   Code   RO          875    i.UART4_IRQHandler  usart.o
    0x080016a4   0x080016a4   0x00000020   Code   RO          876    i.USART1_IRQHandler  usart.o
    0x080016c4   0x080016c4   0x000000a4   Code   RO          877    i.USART1_Initialise  usart.o
    0x08001768   0x08001768   0x00000020   Code   RO          878    i.USART2_IRQHandler  usart.o
    0x08001788   0x08001788   0x000000a8   Code   RO          879    i.USART2_Initialise  usart.o
    0x08001830   0x08001830   0x00000020   Code   RO          880    i.USART3_IRQHandler  usart.o
    0x08001850   0x08001850   0x000000a8   Code   RO          881    i.USART3_Initialise  usart.o
    0x080018f8   0x080018f8   0x000000c0   Code   RO          882    i.USART4_Initialise  usart.o
    0x080019b8   0x080019b8   0x00000012   Code   RO         1498    i.USART_ClearFlag   stm32f10x_usart.o
    0x080019ca   0x080019ca   0x00000018   Code   RO         1502    i.USART_Cmd         stm32f10x_usart.o
    0x080019e2   0x080019e2   0x0000004a   Code   RO         1508    i.USART_ITConfig    stm32f10x_usart.o
    0x08001a2c   0x08001a2c   0x000000d8   Code   RO         1509    i.USART_Init        stm32f10x_usart.o
    0x08001b04   0x08001b04   0x0000000a   Code   RO         1516    i.USART_ReceiveData  stm32f10x_usart.o
    0x08001b0e   0x08001b0e   0x00000004   Code   RO          168    i.UsageFault_Handler  stm32f10x_it.o
    0x08001b12   0x08001b12   0x0000000e   Code   RO         2663    i._is_digit         c_w.l(__printf_wp.o)
    0x08001b20   0x08001b20   0x00000004   Code   RO          883    i._sys_exit         usart.o
    0x08001b24   0x08001b24   0x00000034   Code   RO         1071    i.beep_init         beep.o
    0x08001b58   0x08001b58   0x00000044   Code   RO          820    i.delay_init        delay.o
    0x08001b9c   0x08001b9c   0x00000074   Code   RO          600    i.display_editbox   tmnio.o
    0x08001c10   0x08001c10   0x00000010   Code   RO          508    i.editBox_active    components.o
    0x08001c20   0x08001c20   0x00000026   Code   RO          509    i.editBox_init      components.o
    0x08001c46   0x08001c46   0x00000002   PAD
    0x08001c48   0x08001c48   0x000001e4   Code   RO          258    i.ga_bitblt         graphical.o
    0x08001e2c   0x08001e2c   0x00000034   Code   RO         1003    i.ga_clear_screen   vga.o
    0x08001e60   0x08001e60   0x000000c4   Code   RO          260    i.ga_draw_circle    graphical.o
    0x08001f24   0x08001f24   0x00000106   Code   RO          261    i.ga_draw_line      graphical.o
    0x0800202a   0x0800202a   0x00000002   PAD
    0x0800202c   0x0800202c   0x000000d4   Code   RO          263    i.ga_draw_point     graphical.o
    0x08002100   0x08002100   0x0000004a   Code   RO          265    i.ga_draw_rec       graphical.o
    0x0800214a   0x0800214a   0x00000002   PAD
    0x0800214c   0x0800214c   0x00000074   Code   RO          268    i.ga_draw_text      graphical.o
    0x080021c0   0x080021c0   0x00000010   Code   RO          472    i.getCharkey        keyboard.o
    0x080021d0   0x080021d0   0x00000010   Code   RO          473    i.getCtrlkey        keyboard.o
    0x080021e0   0x080021e0   0x00000054   Code   RO          680    i.getFuncID         libmaster.o
    0x08002234   0x08002234   0x0000000c   Code   RO          538    i.interactive_editbox  terminal.o
    0x08002240   0x08002240   0x000000c0   Code   RO          475    i.key_get           keyboard.o
    0x08002300   0x08002300   0x000001a0   Code   RO          601    i.keyboardInput     tmnio.o
    0x080024a0   0x080024a0   0x00000028   Code   RO          681    i.libMaster         libmaster.o
    0x080024c8   0x080024c8   0x0000000c   Code   RO            3    i.main              main.o
    0x080024d4   0x080024d4   0x00000074   Code   RO          713    i.mouseDrawAGV      mouse.o
    0x08002548   0x08002548   0x0000007a   Code   RO          714    i.mouseDrawPoint    mouse.o
    0x080025c2   0x080025c2   0x000000d6   Code   RO          715    i.mouseDrawWall     mouse.o
    0x08002698   0x08002698   0x00000098   Code   RO          602    i.moveLineCur       tmnio.o
    0x08002730   0x08002730   0x000001b8   Code   RO          717    i.posStateDisplay   mouse.o
    0x080028e8   0x080028e8   0x00000080   Code   RO          718    i.posStateUpdate    mouse.o
    0x08002968   0x08002968   0x0000011c   Code   RO         1004    i.spi_config        vga.o
    0x08002a84   0x08002a84   0x00000014   Code   RO          957    i.strLen            str_dealing.o
    0x08002a98   0x08002a98   0x0000003a   Code   RO          958    i.str_compare       str_dealing.o
    0x08002ad2   0x08002ad2   0x00000002   PAD
    0x08002ad4   0x08002ad4   0x000000c0   Code   RO          539    i.termainal_init    terminal.o
    0x08002b94   0x08002b94   0x00000024   Code   RO          540    i.termainal_load    terminal.o
    0x08002bb8   0x08002bb8   0x00000014   Code   RO          603    i.tmnUpdate         tmnio.o
    0x08002bcc   0x08002bcc   0x000000f8   Code   RO          605    i.tmnioLoop         tmnio.o
    0x08002cc4   0x08002cc4   0x000000e4   Code   RO          606    i.tmnioSetup        tmnio.o
    0x08002da8   0x08002da8   0x000000bc   Code   RO          719    i.uartMesRx         mouse.o
    0x08002e64   0x08002e64   0x00000002   Code   RO          444    i.usart1_receive    cmnct.o
    0x08002e66   0x08002e66   0x00000002   PAD
    0x08002e68   0x08002e68   0x00000054   Code   RO         1006    i.vga_GPIOinit      vga.o
    0x08002ebc   0x08002ebc   0x00000014   Code   RO         1007    i.vga_device_init   vga.o
    0x08002ed0   0x08002ed0   0x000001b4   Code   RO         1009    i.vga_timer_init    vga.o
    0x08003084   0x08003084   0x00000078   Code   RO          445    i.wifi_mes          cmnct.o
    0x080030fc   0x080030fc   0x0000000c   Code   RO          446    i.wifi_receive      cmnct.o
    0x08003108   0x08003108   0x00010a08   Data   RO          948    .constdata          bitmap.o
    0x08013b10   0x08013b10   0x00000028   Data   RO         2636    .constdata          c_w.l(_printf_hex_int.o)
    0x08013b38   0x08013b38   0x00000020   Data   RO         2981    Region$$Table       anon$$obj.o


    Execution Region ER_RW (Exec base: 0x20000000, Load base: 0x08013b58, Size: 0x0000015c, Max: 0xffffffff, ABSOLUTE, COMPRESSED[0x00000060])

    Exec Addr    Load Addr    Size         Type   Attr      Idx    E Section Name        Object

    0x20000000   COMPRESSED   0x00000014   Data   RW          227    .data               system_stm32f10x.o
    0x20000014   COMPRESSED   0x00000002   Data   RW          447    .data               cmnct.o
    0x20000016   COMPRESSED   0x00000002   PAD
    0x20000018   COMPRESSED   0x00000006   Data   RW          476    .data               keyboard.o
    0x2000001e   COMPRESSED   0x00000060   Data   RW          608    .data               tmnio.o
    0x2000007e   COMPRESSED   0x00000002   PAD
    0x20000080   COMPRESSED   0x000000a0   Data   RW          683    .data               libmaster.o
    0x20000120   COMPRESSED   0x00000013   Data   RW          723    .data               mouse.o
    0x20000133   COMPRESSED   0x00000001   PAD
    0x20000134   COMPRESSED   0x00000004   Data   RW          823    .data               delay.o
    0x20000138   COMPRESSED   0x0000000e   Data   RW         1011    .data               vga.o
    0x20000146   COMPRESSED   0x00000014   Data   RW         1330    .data               stm32f10x_rcc.o


    Execution Region ER_ZI (Exec base: 0x2000015c, Load base: 0x08013bb8, Size: 0x0000eaac, Max: 0xffffffff, ABSOLUTE)

    Exec Addr    Load Addr    Size         Type   Attr      Idx    E Section Name        Object

    0x2000015c        -       0x0000dca0   Zero   RW          274    .bss                graphical.o
    0x2000ddfc        -       0x00000796   Zero   RW          607    .bss                tmnio.o
    0x2000e592        -       0x00000014   Zero   RW          720    .bss                mouse.o
    0x2000e5a6   0x08013bb8   0x00000002   PAD
    0x2000e5a8        -       0x00000060   Zero   RW         2894    .bss                c_w.l(libspace.o)
    0x2000e608        -       0x00000200   Zero   RW         1118    HEAP                startup_stm32f10x_hd.o
    0x2000e808        -       0x00000400   Zero   RW         1117    STACK               startup_stm32f10x_hd.o


==============================================================================

Image component sizes


      Code (inc. data)   RO Data    RW Data    ZI Data      Debug   Object Name

        52          6          0          0          0        484   beep.o
         0          0      68104          0          0        959   bitmap.o
       134          8          0          2          0       1459   cmnct.o
        54          4          0          0          0       1408   components.o
        68         18          0          4          0        657   delay.o
      1344         20          0          0      56480     213543   graphical.o
       224         30          0          6          0       2499   keyboard.o
       124         10          0        160          0       2456   libmaster.o
         0          0          0          0          0        445   login.o
        84          0          0          0          0      66838   main.o
       172         22          0          0          0       2017   misc.o
      2262       1046          0         19         20       7125   mouse.o
        64         26        304          0       1536        796   startup_stm32f10x_hd.o
       410          8          0          0          0       3427   stm32f10x_dma.o
       286          0          0          0          0       2996   stm32f10x_gpio.o
        26          0          0          0          0       3614   stm32f10x_it.o
       308         38          0         20          0       4946   stm32f10x_rcc.o
       108          0          0          0          0       2636   stm32f10x_spi.o
       748         82          0          0          0       7168   stm32f10x_tim.o
       342          6          0          0          0       4728   stm32f10x_usart.o
        78          0          0          0          0       1607   str_dealing.o
         0          0          0          0          0         32   sys.o
       328         28          0         20          0       2037   system_stm32f10x.o
       204        116          0          0          0      16237   systool.o
       240         82          0          0          0       1440   terminal.o
        16          0          0          0          0       1311   terminalmain.o
      1376        372          0         96       1942       7783   tmnio.o
       824         58          0          0          0       5135   usart.o
      1024         80          0         14          0       5763   vga.o

    ----------------------------------------------------------------------
     10922       2060      68440        348      59980     371546   Object Totals
         0          0         32          0          0          0   (incl. Generated)
        22          0          0          7          2          0   (incl. Padding)

    ----------------------------------------------------------------------

      Code (inc. data)   RO Data    RW Data    ZI Data      Debug   Library Member Name

        90          0          0          0          0          0   __dczerorl2.o
         8          0          0          0          0         68   __main.o
       284          0          0          0          0        156   __printf_wp.o
         0          0          0          0          0          0   __rtentry.o
        12          0          0          0          0          0   __rtentry2.o
         6          0          0          0          0          0   __rtentry4.o
        52          8          0          0          0          0   __scatter.o
        28          0          0          0          0          0   __scatter_zi.o
        44          0          0          0          0        108   _printf_char.o
        48          6          0          0          0         96   _printf_char_common.o
         6          0          0          0          0          0   _printf_d.o
       120         16          0          0          0         92   _printf_dec.o
        88          4         40          0          0         88   _printf_hex_int.o
       178          0          0          0          0         88   _printf_intcommon.o
        78          0          0          0          0        108   _printf_pad.o
         0          0          0          0          0          0   _printf_percent.o
         4          0          0          0          0          0   _printf_percent_end.o
         6          0          0          0          0          0   _printf_s.o
        82          0          0          0          0         80   _printf_str.o
         6          0          0          0          0          0   _printf_x.o
        10          0          0          0          0         68   _sputc.o
        18          0          0          0          0         80   exit.o
         6          0          0          0          0        152   heapauxi.o
         2          0          0          0          0          0   libinit.o
         2          0          0          0          0          0   libinit2.o
         2          0          0          0          0          0   libshutdown.o
         2          0          0          0          0          0   libshutdown2.o
         8          4          0          0         96         68   libspace.o
        40          6          0          0          0         84   noretval__2sprintf.o
         2          0          0          0          0          0   rtexit.o
        10          0          0          0          0          0   rtexit2.o
        74          0          0          0          0         80   sys_stackheap_outer.o
         2          0          0          0          0         68   use_no_semi.o
         2          0          0          0          0         68   use_no_semi_2.o

    ----------------------------------------------------------------------
      1326         44         40          0         96       1552   Library Totals
         6          0          0          0          0          0   (incl. Padding)

    ----------------------------------------------------------------------

      Code (inc. data)   RO Data    RW Data    ZI Data      Debug   Library Name

      1320         44         40          0         96       1552   c_w.l

    ----------------------------------------------------------------------
      1326         44         40          0         96       1552   Library Totals

    ----------------------------------------------------------------------

==============================================================================


      Code (inc. data)   RO Data    RW Data    ZI Data      Debug   

     12248       2104      68480        348      60076     366854   Grand Totals
     12248       2104      68480         96      60076     366854   ELF Image Totals (compressed)
     12248       2104      68480         96          0          0   ROM Totals

==============================================================================

    Total RO  Size (Code + RO Data)                80728 (  78.84kB)
    Total RW  Size (RW Data + ZI Data)             60424 (  59.01kB)
    Total ROM Size (Code + RO Data + RW Data)      80824 (  78.93kB)

==============================================================================

